../Core/Src/fatfs_sd.c:47:6:sendUart	32	static
../Core/Src/fatfs_sd.c:58:5:bufSize	24	static
../Core/Src/fatfs_sd.c:69:6:bufClear	24	static
../Core/Src/fatfs_sd.c:79:6:SD_init	5360	static
../Core/Src/fatfs_sd.c:114:6:SD_saveHeader	280	static
../Core/Src/fatfs_sd.c:140:6:SD_saveData	296	static
../Core/Src/fatfs_sd.c:159:13:SELECT	8	static
../Core/Src/fatfs_sd.c:166:13:DESELECT	8	static
../Core/Src/fatfs_sd.c:173:13:SPI_TxByte	16	static
../Core/Src/fatfs_sd.c:179:13:SPI_TxBuffer	16	static
../Core/Src/fatfs_sd.c:185:16:SPI_RxByte	24	static
../Core/Src/fatfs_sd.c:196:13:SPI_RxBytePtr	16	static
../Core/Src/fatfs_sd.c:205:16:SD_ReadyWait	24	static
../Core/Src/fatfs_sd.c:220:13:SD_PowerOn	24	static
../Core/Src/fatfs_sd.c:257:13:SD_PowerOff	8	static
../Core/Src/fatfs_sd.c:263:16:SD_CheckPower	8	static
../Core/Src/fatfs_sd.c:268:13:SD_RxDataBlock	32	static
../Core/Src/fatfs_sd.c:297:13:SD_TxDataBlock	32	static
../Core/Src/fatfs_sd.c:339:13:SD_SendCmd	32	static
../Core/Src/fatfs_sd.c:378:9:SD_disk_initialize	32	static
../Core/Src/fatfs_sd.c:478:9:SD_disk_status	16	static
../Core/Src/fatfs_sd.c:485:9:SD_disk_read	24	static
../Core/Src/fatfs_sd.c:527:9:SD_disk_write	24	static
../Core/Src/fatfs_sd.c:582:9:SD_disk_ioctl	56	static
