../Core/Src/GFX_FUNCTIONS.c:41:6:drawPixel	24	static
../Core/Src/GFX_FUNCTIONS.c:46:6:fillRect	32	static
../Core/Src/GFX_FUNCTIONS.c:62:6:writePixel	24	static
../Core/Src/GFX_FUNCTIONS.c:67:6:writeLine	48	static
../Core/Src/GFX_FUNCTIONS.c:107:7:drawFastVLine	32	static
../Core/Src/GFX_FUNCTIONS.c:111:7:drawFastHLine	32	static
../Core/Src/GFX_FUNCTIONS.c:116:6:drawLine	40	static
../Core/Src/GFX_FUNCTIONS.c:129:6:drawCircle	40	static
../Core/Src/GFX_FUNCTIONS.c:163:6:drawCircleHelper	48	static
../Core/Src/GFX_FUNCTIONS.c:199:6:fillCircleHelper	40	static
../Core/Src/GFX_FUNCTIONS.c:236:6:fillCircle	32	static
../Core/Src/GFX_FUNCTIONS.c:244:6:drawRect	24	static
../Core/Src/GFX_FUNCTIONS.c:252:6:drawRoundRect	48	static
../Core/Src/GFX_FUNCTIONS.c:269:6:fillRoundRect	48	static
../Core/Src/GFX_FUNCTIONS.c:281:6:drawTriangle	40	static
../Core/Src/GFX_FUNCTIONS.c:289:6:fillTriangle	72	static
../Core/Src/GFX_FUNCTIONS.c:366:6:fillScreen	24	static
../Core/Src/GFX_FUNCTIONS.c:370:10:interpolateColor	56	static
../Core/Src/GFX_FUNCTIONS.c:387:6:displayText	48	static
../Core/Src/GFX_FUNCTIONS.c:392:6:drawGradientBackground	24	static
../Core/Src/GFX_FUNCTIONS.c:400:6:drawAnimatedValue	80	static
../Core/Src/GFX_FUNCTIONS.c:412:6:testLines	56	static
../Core/Src/GFX_FUNCTIONS.c:455:6:testFastLines	32	static
../Core/Src/GFX_FUNCTIONS.c:464:6:testRects	56	static
../Core/Src/GFX_FUNCTIONS.c:479:6:testFilledRects	56	static
../Core/Src/GFX_FUNCTIONS.c:496:6:testFilledCircles	40	static
../Core/Src/GFX_FUNCTIONS.c:509:6:testCircles	40	static
../Core/Src/GFX_FUNCTIONS.c:525:6:testTriangles	56	static
../Core/Src/GFX_FUNCTIONS.c:542:6:testFilledTriangles	64	static
../Core/Src/GFX_FUNCTIONS.c:555:6:testRoundRects	56	static
../Core/Src/GFX_FUNCTIONS.c:572:6:testFilledRoundRects	56	static
../Core/Src/GFX_FUNCTIONS.c:587:6:testFillScreen	8	static
../Core/Src/GFX_FUNCTIONS.c:596:6:testAll	8	static
../Core/Src/GFX_FUNCTIONS.c:615:6:drawTechyInterface	48	static
../Core/Src/GFX_FUNCTIONS.c:644:6:updateTemperatureAndHumidity	96	static
