../Core/Src/main.c:161:5:main	4272	static
../Core/Src/main.c:230:6:SystemClock_Config	136	static
../Core/Src/main.c:283:13:MX_I2C1_Init	8	static
../Core/Src/main.c:331:13:MX_SPI1_Init	8	static
../Core/Src/main.c:369:13:MX_SPI2_Init	8	static
../Core/Src/main.c:407:13:MX_TIM6_Init	16	static
../Core/Src/main.c:451:13:MX_USART1_UART_Init	8	static
../Core/Src/main.c:486:13:MX_USART2_UART_Init	8	static
../Core/Src/main.c:521:13:MX_USART4_UART_Init	8	static
../Core/Src/main.c:556:13:MX_GPIO_Init	56	static
../Core/Src/main.c:609:6:HAL_TIM_PeriodElapsedCallback	16	static
../Core/Src/main.c:623:6:Error_Handler	8	static,ignoring_inline_asm
