../Core/Src/ST7735_Tft.c:110:6:ST7735_Select	8	static
../Core/Src/ST7735_Tft.c:115:6:ST7735_Unselect	8	static
../Core/Src/ST7735_Tft.c:120:6:ST7735_Reset	8	static
../Core/Src/ST7735_Tft.c:127:8:ST7735_WriteCommand	16	static
../Core/Src/ST7735_Tft.c:133:6:ST7735_WriteData	16	static
../Core/Src/ST7735_Tft.c:139:6:DisplayInit	32	static
../Core/Src/ST7735_Tft.c:166:6:ST7735_SetAddressWindow	32	static
../Core/Src/ST7735_Tft.c:183:6:ST7735_Init	16	static
../Core/Src/ST7735_Tft.c:212:6:ST7735_SetRotation	24	static
../Core/Src/ST7735_Tft.c:272:6:ST7735_DrawPixel	32	static
../Core/Src/ST7735_Tft.c:285:6:ST7735_WriteChar	48	static
../Core/Src/ST7735_Tft.c:304:6:ST7735_WriteString	48	static
../Core/Src/ST7735_Tft.c:330:6:ST7735_FillRectangle	32	static
../Core/Src/ST7735_Tft.c:350:6:ST7735_DrawImage	24	static
../Core/Src/ST7735_Tft.c:361:6:ST7735_InvertColors	16	static
