../Core/Src/UART_Ringbuffer.c:45:6:Ringbuf_init	8	static
../Core/Src/UART_Ringbuffer.c:61:6:store_char	24	static
../Core/Src/UART_Ringbuffer.c:76:5:Look_for	32	static
../Core/Src/UART_Ringbuffer.c:103:6:GetDataFromBuffer	56	static
../Core/Src/UART_Ringbuffer.c:161:6:Uart_flush	16	static
../Core/Src/UART_Ringbuffer.c:176:5:Uart_peek	16	static
../Core/Src/UART_Ringbuffer.c:205:5:Uart_read	24	static
../Core/Src/UART_Ringbuffer.c:240:6:Uart_write	24	static
../Core/Src/UART_Ringbuffer.c:274:5:IsDataAvailable	16	static
../Core/Src/UART_Ringbuffer.c:283:5:Get_after	32	static
../Core/Src/UART_Ringbuffer.c:295:6:Uart_sendstring	16	static
../Core/Src/UART_Ringbuffer.c:300:6:Uart_printbase	80	static
../Core/Src/UART_Ringbuffer.c:321:5:Copy_upto	40	static
../Core/Src/UART_Ringbuffer.c:357:5:Wait_for	24	static
../Core/Src/UART_Ringbuffer.c:388:6:Uart_isr	32	static
