Archive member included to satisfy reference by file (symbol)

C:/ST/STM32CubeIDE_1.13.2/STM32CubeIDE/plugins/com.st.stm32cube.ide.mcu.externaltools.gnu-tools-for-stm32.11.3.rel1.win32_1.1.1.202309131626/tools/bin/../lib/gcc/arm-none-eabi/11.3.1/../../../../arm-none-eabi/lib/thumb/v6-m/nofp\libc_nano.a(libc_a-exit.o)
                              C:/ST/STM32CubeIDE_1.13.2/STM32CubeIDE/plugins/com.st.stm32cube.ide.mcu.externaltools.gnu-tools-for-stm32.11.3.rel1.win32_1.1.1.202309131626/tools/bin/../lib/gcc/arm-none-eabi/11.3.1/../../../../arm-none-eabi/lib/thumb/v6-m/nofp/crt0.o (exit)
C:/ST/STM32CubeIDE_1.13.2/STM32CubeIDE/plugins/com.st.stm32cube.ide.mcu.externaltools.gnu-tools-for-stm32.11.3.rel1.win32_1.1.1.202309131626/tools/bin/../lib/gcc/arm-none-eabi/11.3.1/../../../../arm-none-eabi/lib/thumb/v6-m/nofp\libc_nano.a(libc_a-ctype_.o)
                              ./Core/Src/ESP32_Wifi.o (_ctype_)
C:/ST/STM32CubeIDE_1.13.2/STM32CubeIDE/plugins/com.st.stm32cube.ide.mcu.externaltools.gnu-tools-for-stm32.11.3.rel1.win32_1.1.1.202309131626/tools/bin/../lib/gcc/arm-none-eabi/11.3.1/../../../../arm-none-eabi/lib/thumb/v6-m/nofp\libc_nano.a(libc_a-nano-vfprintf_float.o)
                              (_printf_float)
C:/ST/STM32CubeIDE_1.13.2/STM32CubeIDE/plugins/com.st.stm32cube.ide.mcu.externaltools.gnu-tools-for-stm32.11.3.rel1.win32_1.1.1.202309131626/tools/bin/../lib/gcc/arm-none-eabi/11.3.1/../../../../arm-none-eabi/lib/thumb/v6-m/nofp\libc_nano.a(libc_a-nano-vfprintf_i.o)
                              C:/ST/STM32CubeIDE_1.13.2/STM32CubeIDE/plugins/com.st.stm32cube.ide.mcu.externaltools.gnu-tools-for-stm32.11.3.rel1.win32_1.1.1.202309131626/tools/bin/../lib/gcc/arm-none-eabi/11.3.1/../../../../arm-none-eabi/lib/thumb/v6-m/nofp\libc_nano.a(libc_a-nano-vfprintf_float.o) (_printf_common)
C:/ST/STM32CubeIDE_1.13.2/STM32CubeIDE/plugins/com.st.stm32cube.ide.mcu.externaltools.gnu-tools-for-stm32.11.3.rel1.win32_1.1.1.202309131626/tools/bin/../lib/gcc/arm-none-eabi/11.3.1/../../../../arm-none-eabi/lib/thumb/v6-m/nofp\libc_nano.a(libc_a-nano-vfscanf_float.o)
                              (_scanf_float)
C:/ST/STM32CubeIDE_1.13.2/STM32CubeIDE/plugins/com.st.stm32cube.ide.mcu.externaltools.gnu-tools-for-stm32.11.3.rel1.win32_1.1.1.202309131626/tools/bin/../lib/gcc/arm-none-eabi/11.3.1/../../../../arm-none-eabi/lib/thumb/v6-m/nofp\libc_nano.a(libc_a-findfp.o)
                              C:/ST/STM32CubeIDE_1.13.2/STM32CubeIDE/plugins/com.st.stm32cube.ide.mcu.externaltools.gnu-tools-for-stm32.11.3.rel1.win32_1.1.1.202309131626/tools/bin/../lib/gcc/arm-none-eabi/11.3.1/../../../../arm-none-eabi/lib/thumb/v6-m/nofp\libc_nano.a(libc_a-exit.o) (__stdio_exit_handler)
C:/ST/STM32CubeIDE_1.13.2/STM32CubeIDE/plugins/com.st.stm32cube.ide.mcu.externaltools.gnu-tools-for-stm32.11.3.rel1.win32_1.1.1.202309131626/tools/bin/../lib/gcc/arm-none-eabi/11.3.1/../../../../arm-none-eabi/lib/thumb/v6-m/nofp\libc_nano.a(libc_a-fwalk.o)
                              C:/ST/STM32CubeIDE_1.13.2/STM32CubeIDE/plugins/com.st.stm32cube.ide.mcu.externaltools.gnu-tools-for-stm32.11.3.rel1.win32_1.1.1.202309131626/tools/bin/../lib/gcc/arm-none-eabi/11.3.1/../../../../arm-none-eabi/lib/thumb/v6-m/nofp\libc_nano.a(libc_a-findfp.o) (_fwalk_sglue)
C:/ST/STM32CubeIDE_1.13.2/STM32CubeIDE/plugins/com.st.stm32cube.ide.mcu.externaltools.gnu-tools-for-stm32.11.3.rel1.win32_1.1.1.202309131626/tools/bin/../lib/gcc/arm-none-eabi/11.3.1/../../../../arm-none-eabi/lib/thumb/v6-m/nofp\libc_nano.a(libc_a-snprintf.o)
                              ./Core/Src/ESP32_Wifi.o (snprintf)
C:/ST/STM32CubeIDE_1.13.2/STM32CubeIDE/plugins/com.st.stm32cube.ide.mcu.externaltools.gnu-tools-for-stm32.11.3.rel1.win32_1.1.1.202309131626/tools/bin/../lib/gcc/arm-none-eabi/11.3.1/../../../../arm-none-eabi/lib/thumb/v6-m/nofp\libc_nano.a(libc_a-sprintf.o)
                              ./Core/Src/ESP32_Wifi.o (sprintf)
C:/ST/STM32CubeIDE_1.13.2/STM32CubeIDE/plugins/com.st.stm32cube.ide.mcu.externaltools.gnu-tools-for-stm32.11.3.rel1.win32_1.1.1.202309131626/tools/bin/../lib/gcc/arm-none-eabi/11.3.1/../../../../arm-none-eabi/lib/thumb/v6-m/nofp\libc_nano.a(libc_a-stdio.o)
                              C:/ST/STM32CubeIDE_1.13.2/STM32CubeIDE/plugins/com.st.stm32cube.ide.mcu.externaltools.gnu-tools-for-stm32.11.3.rel1.win32_1.1.1.202309131626/tools/bin/../lib/gcc/arm-none-eabi/11.3.1/../../../../arm-none-eabi/lib/thumb/v6-m/nofp\libc_nano.a(libc_a-findfp.o) (__sread)
C:/ST/STM32CubeIDE_1.13.2/STM32CubeIDE/plugins/com.st.stm32cube.ide.mcu.externaltools.gnu-tools-for-stm32.11.3.rel1.win32_1.1.1.202309131626/tools/bin/../lib/gcc/arm-none-eabi/11.3.1/../../../../arm-none-eabi/lib/thumb/v6-m/nofp\libc_nano.a(libc_a-memset.o)
                              C:/ST/STM32CubeIDE_1.13.2/STM32CubeIDE/plugins/com.st.stm32cube.ide.mcu.externaltools.gnu-tools-for-stm32.11.3.rel1.win32_1.1.1.202309131626/tools/bin/../lib/gcc/arm-none-eabi/11.3.1/../../../../arm-none-eabi/lib/thumb/v6-m/nofp/crt0.o (memset)
[...]
Memory Configuration

Name             Origin             Length             Attributes
RAM              0x0000000020000000 0x0000000000005000 xrw
FLASH            0x0000000008000000 0x0000000000030000 xr
*default*        0x0000000000000000 0xffffffffffffffff

Linker script and memory map

LOAD C:/ST/STM32CubeIDE_1.13.2/STM32CubeIDE/plugins/com.st.stm32cube.ide.mcu.externaltools.gnu-tools-for-stm32.11.3.rel1.win32_1.1.1.202309131626/tools/bin/../lib/gcc/arm-none-eabi/11.3.1/thumb/v6-m/nofp/crti.o
LOAD C:/ST/STM32CubeIDE_1.13.2/STM32CubeIDE/plugins/com.st.stm32cube.ide.mcu.externaltools.gnu-tools-for-stm32.11.3.rel1.win32_1.1.1.202309131626/tools/bin/../lib/gcc/arm-none-eabi/11.3.1/thumb/v6-m/nofp/crtbegin.o
LOAD C:/ST/STM32CubeIDE_1.13.2/STM32CubeIDE/plugins/com.st.stm32cube.ide.mcu.externaltools.gnu-tools-for-stm32.11.3.rel1.win32_1.1.1.202309131626/tools/bin/../lib/gcc/arm-none-eabi/11.3.1/../../../../arm-none-eabi/lib/thumb/v6-m/nofp/crt0.o
LOAD ./Core/Src/ESP32_Wifi.o
LOAD ./Core/Src/GFX_FUNCTIONS.o
LOAD ./Core/Src/ST7735_Tft.o
LOAD ./Core/Src/UART_Ringbuffer.o
LOAD ./Core/Src/aht20.o
LOAD ./Core/Src/fatfs_sd.o
LOAD ./Core/Src/fonts.o
LOAD ./Core/Src/main.o
LOAD ./Core/Src/stm32l0xx_hal_msp.o
LOAD ./Core/Src/stm32l0xx_it.o
LOAD ./Core/Src/syscalls.o
LOAD ./Core/Src/sysmem.o
LOAD ./Core/Src/system_stm32l0xx.o
LOAD ./Core/Startup/startup_stm32l073rztx.o
LOAD ./Drivers/STM32L0xx_HAL_Driver/Src/stm32l0xx_hal.o
LOAD ./Drivers/STM32L0xx_HAL_Driver/Src/stm32l0xx_hal_cortex.o
LOAD ./Drivers/STM32L0xx_HAL_Driver/Src/stm32l0xx_hal_dma.o
LOAD ./Drivers/STM32L0xx_HAL_Driver/Src/stm32l0xx_hal_exti.o
LOAD ./Drivers/STM32L0xx_HAL_Driver/Src/stm32l0xx_hal_flash.o
LOAD ./Drivers/STM32L0xx_HAL_Driver/Src/stm32l0xx_hal_flash_ex.o
LOAD ./Drivers/STM32L0xx_HAL_Driver/Src/stm32l0xx_hal_flash_ramfunc.o
LOAD ./Drivers/STM32L0xx_HAL_Driver/Src/stm32l0xx_hal_gpio.o
LOAD ./Drivers/STM32L0xx_HAL_Driver/Src/stm32l0xx_hal_i2c.o
LOAD ./Drivers/STM32L0xx_HAL_Driver/Src/stm32l0xx_hal_i2c_ex.o
LOAD ./Drivers/STM32L0xx_HAL_Driver/Src/stm32l0xx_hal_pwr.o
LOAD ./Drivers/STM32L0xx_HAL_Driver/Src/stm32l0xx_hal_pwr_ex.o
LOAD ./Drivers/STM32L0xx_HAL_Driver/Src/stm32l0xx_hal_rcc.o
LOAD ./Drivers/STM32L0xx_HAL_Driver/Src/stm32l0xx_hal_rcc_ex.o
LOAD ./Drivers/STM32L0xx_HAL_Driver/Src/stm32l0xx_hal_spi.o
LOAD ./Drivers/STM32L0xx_HAL_Driver/Src/stm32l0xx_hal_tim.o
LOAD ./Drivers/STM32L0xx_HAL_Driver/Src/stm32l0xx_hal_tim_ex.o
LOAD ./Drivers/STM32L0xx_HAL_Driver/Src/stm32l0xx_hal_uart.o
LOAD ./Drivers/STM32L0xx_HAL_Driver/Src/stm32l0xx_hal_uart_ex.o
LOAD ./FATFS/App/fatfs.o
LOAD ./FATFS/Target/user_diskio.o
LOAD ./Middlewares/Third_Party/FatFs/src/diskio.o
LOAD ./Middlewares/Third_Party/FatFs/src/ff.o
LOAD ./Middlewares/Third_Party/FatFs/src/ff_gen_drv.o
LOAD ./Middlewares/Third_Party/FatFs/src/option/ccsbcs.o
LOAD ./Middlewares/Third_Party/FatFs/src/option/syscall.o
START GROUP
LOAD C:/ST/STM32CubeIDE_1.13.2/STM32CubeIDE/plugins/com.st.stm32cube.ide.mcu.externaltools.gnu-tools-for-stm32.11.3.rel1.win32_1.1.1.202309131626/tools/bin/../lib/gcc/arm-none-eabi/11.3.1/../../../../arm-none-eabi/lib/thumb/v6-m/nofp\libstdc++_nano.a
LOAD C:/ST/STM32CubeIDE_1.13.2/STM32CubeIDE/plugins/com.st.stm32cube.ide.mcu.externaltools.gnu-tools-for-stm32.11.3.rel1.win32_1.1.1.202309131626/tools/bin/../lib/gcc/arm-none-eabi/11.3.1/../../../../arm-none-eabi/lib/thumb/v6-m/nofp\libsupc++_nano.a
END GROUP
LOAD C:/ST/STM32CubeIDE_1.13.2/STM32CubeIDE/plugins/com.st.stm32cube.ide.mcu.externaltools.gnu-tools-for-stm32.11.3.rel1.win32_1.1.1.202309131626/tools/bin/../lib/gcc/arm-none-eabi/11.3.1/../../../../arm-none-eabi/lib/thumb/v6-m/nofp\libstdc++_nano.a
LOAD C:/ST/STM32CubeIDE_1.13.2/STM32CubeIDE/plugins/com.st.stm32cube.ide.mcu.externaltools.gnu-tools-for-stm32.11.3.rel1.win32_1.1.1.202309131626/tools/bin/../lib/gcc/arm-none-eabi/11.3.1/../../../../arm-none-eabi/lib/thumb/v6-m/nofp\libm.a
LOAD C:/ST/STM32CubeIDE_1.13.2/STM32CubeIDE/plugins/com.st.stm32cube.ide.mcu.externaltools.gnu-tools-for-stm32.11.3.rel1.win32_1.1.1.202309131626/tools/bin/../lib/gcc/arm-none-eabi/11.3.1/../../../../arm-none-eabi/lib/thumb/v6-m/nofp\libc_nano.a
START GROUP
LOAD C:/ST/STM32CubeIDE_1.13.2/STM32CubeIDE/plugins/com.st.stm32cube.ide.mcu.externaltools.gnu-tools-for-stm32.11.3.rel1.win32_1.1.1.202309131626/tools/bin/../lib/gcc/arm-none-eabi/11.3.1/thumb/v6-m/nofp\libgcc.a
LOAD C:/ST/STM32CubeIDE_1.13.2/STM32CubeIDE/plugins/com.st.stm32cube.ide.mcu.externaltools.gnu-tools-for-stm32.11.3.rel1.win32_1.1.1.202309131626/tools/bin/../lib/gcc/arm-none-eabi/11.3.1/../../../../arm-none-eabi/lib/thumb/v6-m/nofp\libc_nano.a
END GROUP
START GROUP
LOAD C:/ST/STM32CubeIDE_1.13.2/STM32CubeIDE/plugins/com.st.stm32cube.ide.mcu.externaltools.gnu-tools-for-stm32.11.3.rel1.win32_1.1.1.202309131626/tools/bin/../lib/gcc/arm-none-eabi/11.3.1/thumb/v6-m/nofp\libgcc.a
LOAD C:/ST/STM32CubeIDE_1.13.2/STM32CubeIDE/plugins/com.st.stm32cube.ide.mcu.externaltools.gnu-tools-for-stm32.11.3.rel1.win32_1.1.1.202309131626/tools/bin/../lib/gcc/arm-none-eabi/11.3.1/../../../../arm-none-eabi/lib/thumb/v6-m/nofp\libc_nano.a
LOAD C:/ST/STM32CubeIDE_1.13.2/STM32CubeIDE/plugins/com.st.stm32cube.ide.mcu.externaltools.gnu-tools-for-stm32.11.3.rel1.win32_1.1.1.202309131626/tools/bin/../lib/gcc/arm-none-eabi/11.3.1/../../../../arm-none-eabi/lib/thumb/v6-m/nofp\libnosys.a
END GROUP
START GROUP
LOAD C:/ST/STM32CubeIDE_1.13.2/STM32CubeIDE/plugins/com.st.stm32cube.ide.mcu.externaltools.gnu-tools-for-stm32.11.3.rel1.win32_1.1.1.202309131626/tools/bin/../lib/gcc/arm-none-eabi/11.3.1/thumb/v6-m/nofp\libgcc.a
LOAD C:/ST/STM32CubeIDE_1.13.2/STM32CubeIDE/plugins/com.st.stm32cube.ide.mcu.externaltools.gnu-tools-for-stm32.11.3.rel1.win32_1.1.1.202309131626/tools/bin/../lib/gcc/arm-none-eabi/11.3.1/../../../../arm-none-eabi/lib/thumb/v6-m/nofp\libc_nano.a
LOAD C:/ST/STM32CubeIDE_1.13.2/STM32CubeIDE/plugins/com.st.stm32cube.ide.mcu.externaltools.gnu-tools-for-stm32.11.3.rel1.win32_1.1.1.202309131626/tools/bin/../lib/gcc/arm-none-eabi/11.3.1/../../../../arm-none-eabi/lib/thumb/v6-m/nofp\libnosys.a
END GROUP
LOAD C:/ST/STM32CubeIDE_1.13.2/STM32CubeIDE/plugins/com.st.stm32cube.ide.mcu.externaltools.gnu-tools-for-stm32.11.3.rel1.win32_1.1.1.202309131626/tools/bin/../lib/gcc/arm-none-eabi/11.3.1/thumb/v6-m/nofp/crtend.o
LOAD C:/ST/STM32CubeIDE_1.13.2/STM32CubeIDE/plugins/com.st.stm32cube.ide.mcu.externaltools.gnu-tools-for-stm32.11.3.rel1.win32_1.1.1.202309131626/tools/bin/../lib/gcc/arm-none-eabi/11.3.1/thumb/v6-m/nofp/crtn.o
                0x0000000020005000                _estack = (ORIGIN (RAM) + LENGTH (RAM))
                0x0000000000000200                _Min_Heap_Size = 0x200
                0x0000000000000400                _Min_Stack_Size = 0x400

.isr_vector     0x0000000008000000       0xc0
                0x0000000008000000                . = ALIGN (0x4)
 *(.isr_vector)
 .isr_vector    0x0000000008000000       0xc0 ./Core/Startup/startup_stm32l073rztx.o
                0x0000000008000000                g_pfnVectors
                0x00000000080000c0                . = ALIGN (0x4)

.text           0x00000000080000c0    0x1289c
                0x00000000080000c0                . = ALIGN (0x4)
 *(.text)
 .text          0x00000000080000c0       0x48 C:/ST/STM32CubeIDE_1.13.2/STM32CubeIDE/plugins/com.st.stm32cube.ide.mcu.externaltools.gnu-tools-for-stm32.11.3.rel1.win32_1.1.1.202309131626/tools/bin/../lib/gcc/arm-none-eabi/11.3.1/thumb/v6-m/nofp/crtbegin.o
 .text          0x0000000008000108        0xe C:/ST/STM32CubeIDE_1.13.2/STM32CubeIDE/plugins/com.st.stm32cube.ide.mcu.externaltools.gnu-tools-for-stm32.11.3.rel1.win32_1.1.1.202309131626/tools/bin/../lib/gcc/arm-none-eabi/11.3.1/../../../../arm-none-eabi/lib/thumb/v6-m/nofp\libc_nano.a(libc_a-strlen.o)
                0x0000000008000108                strlen
 *fill*         0x0000000008000116        0x2 
 .text          0x0000000008000118       0x14 C:/ST/STM32CubeIDE_1.13.2/STM32CubeIDE/plugins/com.st.stm32cube.ide.mcu.externaltools.gnu-tools-for-stm32.11.3.rel1.win32_1.1.1.202309131626/tools/bin/../lib/gcc/arm-none-eabi/11.3.1/thumb/v6-m/nofp\libgcc.a(_thumb1_case_uqi.o)
                0x0000000008000118                __gnu_thumb1_case_uqi
 .text          0x000000000800012c       0x14 C:/ST/STM32CubeIDE_1.13.2/STM32CubeIDE/plugins/com.st.stm32cube.ide.mcu.externaltools.gnu-tools-for-stm32.11.3.rel1.win32_1.1.1.202309131626/tools/bin/../lib/gcc/arm-none-eabi/11.3.1/thumb/v6-m/nofp\libgcc.a(_thumb1_case_shi.o)
                0x000000000800012c                __gnu_thumb1_case_shi
 .text          0x0000000008000140      0x114 C:/ST/STM32CubeIDE_1.13.2/STM32CubeIDE/plugins/com.st.stm32cube.ide.mcu.externaltools.gnu-tools-for-stm32.11.3.rel1.win32_1.1.1.202309131626/tools/bin/../lib/gcc/arm-none-eabi/11.3.1/thumb/v6-m/nofp\libgcc.a(_udivsi3.o)
                0x0000000008000140                __aeabi_uidiv
                0x0000000008000140                __udivsi3
                0x000000000800024c                __aeabi_uidivmod
 .text          0x0000000008000254      0x1d4 C:/ST/STM32CubeIDE_1.13.2/STM32CubeIDE/plugins/com.st.stm32cube.ide.mcu.externaltools.gnu-tools-for-stm32.11.3.rel1.win32_1.1.1.202309131626/tools/bin/../lib/gcc/arm-none-eabi/11.3.1/thumb/v6-m/nofp\libgcc.a(_divsi3.o)
                0x0000000008000254                __divsi3
                0x0000000008000254                __aeabi_idiv
                0x0000000008000420                __aeabi_idivmod
 .text          0x0000000008000428        0x4 C:/ST/STM32CubeIDE_1.13.2/STM32CubeIDE/plugins/com.st.stm32cube.ide.mcu.externaltools.gnu-tools-for-stm32.11.3.rel1.win32_1.1.1.202309131626/tools/bin/../lib/gcc/arm-none-eabi/11.3.1/thumb/v6-m/nofp\libgcc.a(_dvmd_tls.o)
                0x0000000008000428                __aeabi_idiv0
                0x0000000008000428                __aeabi_ldiv0
 .text          0x000000000800042c       0x7c C:/ST/STM32CubeIDE_1.13.2/STM32CubeIDE/plugins/com.st.stm32cube.ide.mcu.externaltools.gnu-tools-for-stm32.11.3.rel1.win32_1.1.1.202309131626/tools/bin/../lib/gcc/arm-none-eabi/11.3.1/thumb/v6-m/nofp\libgcc.a(_arm_cmpdf2.o)
                0x000000000800042c                __aeabi_cdrcmple
                0x000000000800043c                __aeabi_cdcmple
                0x000000000800043c                __aeabi_cdcmpeq
                0x000000000800044c                __aeabi_dcmpeq
                0x0000000008000458                __aeabi_dcmplt
                0x000000000800046c                __aeabi_dcmple
                0x0000000008000480                __aeabi_dcmpgt
                0x0000000008000494                __aeabi_dcmpge
 .text          0x00000000080004a8       0x40 C:/ST/STM32CubeIDE_1.13.2/STM32CubeIDE/plugins/com.st.stm32cube.ide.mcu.externaltools.gnu-tools-for-stm32.11.3.rel1.win32_1.1.1.202309131626/tools/bin/../lib/gcc/arm-none-eabi/11.3.1/thumb/v6-m/nofp\libgcc.a(_aeabi_uldivmod.o)
                0x00000000080004a8                __aeabi_uldivmod
 .text          0x00000000080004e8       0x5c C:/ST/STM32CubeIDE_1.13.2/STM32CubeIDE/plugins/com.st.stm32cube.ide.mcu.externaltools.gnu-tools-for-stm32.11.3.rel1.win32_1.1.1.202309131626/tools/bin/../lib/gcc/arm-none-eabi/11.3.1/thumb/v6-m/nofp\libgcc.a(_muldi3.o)
                0x00000000080004e8                __muldi3
                0x00000000080004e8                __aeabi_lmul
 .text          0x0000000008000544       0x3c C:/ST/STM32CubeIDE_1.13.2/STM32CubeIDE/plugins/com.st.stm32cube.ide.mcu.externaltools.gnu-tools-for-stm32.11.3.rel1.win32_1.1.1.202309131626/tools/bin/../lib/gcc/arm-none-eabi/11.3.1/thumb/v6-m/nofp\libgcc.a(_fixunsdfsi.o)
                0x0000000008000544                __aeabi_d2uiz
                0x0000000008000544                __fixunsdfsi
 .text          0x0000000008000580       0x3c C:/ST/STM32CubeIDE_1.13.2/STM32CubeIDE/plugins/com.st.stm32cube.ide.mcu.externaltools.gnu-tools-for-stm32.11.3.rel1.win32_1.1.1.202309131626/tools/bin/../lib/gcc/arm-none-eabi/11.3.1/thumb/v6-m/nofp\libgcc.a(_fixdfdi.o)
                0x0000000008000580                __fixdfdi
                0x0000000008000580                __aeabi_d2lz
 .text          0x00000000080005bc       0x3c C:/ST/STM32CubeIDE_1.13.2/STM32CubeIDE/plugins/com.st.stm32cube.ide.mcu.externaltools.gnu-tools-for-stm32.11.3.rel1.win32_1.1.1.202309131626/tools/bin/../lib/gcc/arm-none-eabi/11.3.1/thumb/v6-m/nofp\libgcc.a(_fixunsdfdi.o)
                0x00000000080005bc                __fixunsdfdi
                0x00000000080005bc                __aeabi_d2ulz
 .text          0x00000000080005f8       0x2c C:/ST/STM32CubeIDE_1.13.2/STM32CubeIDE/plugins/com.st.stm32cube.ide.mcu.externaltools.gnu-tools-for-stm32.11.3.rel1.win32_1.1.1.202309131626/tools/bin/../lib/gcc/arm-none-eabi/11.3.1/thumb/v6-m/nofp\libgcc.a(_floatdidf.o)
                0x00000000080005f8                __aeabi_l2d
                0x00000000080005f8                __floatdidf
 .text          0x0000000008000624      0x198 C:/ST/STM32CubeIDE_1.13.2/STM32CubeIDE/plugins/com.st.stm32cube.ide.mcu.externaltools.gnu-tools-for-stm32.11.3.rel1.win32_1.1.1.202309131626/tools/bin/../lib/gcc/arm-none-eabi/11.3.1/thumb/v6-m/nofp\libgcc.a(_udivmoddi4.o)
                0x0000000008000624                __udivmoddi4
 .text          0x00000000080007bc      0x234 C:/ST/STM32CubeIDE_1.13.2/STM32CubeIDE/plugins/com.st.stm32cube.ide.mcu.externaltools.gnu-tools-for-stm32.11.3.rel1.win32_1.1.1.202309131626/tools/bin/../lib/gcc/arm-none-eabi/11.3.1/thumb/v6-m/nofp\libgcc.a(divsf3.o)
                0x00000000080007bc                __aeabi_fdiv
 .text          0x00000000080009f0      0x29c C:/ST/STM32CubeIDE_1.13.2/STM32CubeIDE/plugins/com.st.stm32cube.ide.mcu.externaltools.gnu-tools-for-stm32.11.3.rel1.win32_1.1.1.202309131626/tools/bin/../lib/gcc/arm-none-eabi/11.3.1/thumb/v6-m/nofp\libgcc.a(mulsf3.o)
                0x00000000080009f0                __aeabi_fmul
 .text          0x0000000008000c8c      0x340 C:/ST/STM32CubeIDE_1.13.2/STM32CubeIDE/plugins/com.st.stm32cube.ide.mcu.externaltools.gnu-tools-for-stm32.11.3.rel1.win32_1.1.1.202309131626/tools/bin/../lib/gcc/arm-none-eabi/11.3.1/thumb/v6-m/nofp\libgcc.a(subsf3.o)
                0x0000000008000c8c                __aeabi_fsub
 .text          0x0000000008000fcc       0x90 C:/ST/STM32CubeIDE_1.13.2/STM32CubeIDE/plugins/com.st.stm32cube.ide.mcu.externaltools.gnu-tools-for-stm32.11.3.rel1.win32_1.1.1.202309131626/tools/bin/../lib/gcc/arm-none-eabi/11.3.1/thumb/v6-m/nofp\libgcc.a(floatunsisf.o)
                0x0000000008000fcc                __aeabi_ui2f
 .text          0x000000000800105c      0x6c0 C:/ST/STM32CubeIDE_1.13.2/STM32CubeIDE/plugins/com.st.stm32cube.ide.mcu.externaltools.gnu-tools-for-stm32.11.3.rel1.win32_1.1.1.202309131626/tools/bin/../lib/gcc/arm-none-eabi/11.3.1/thumb/v6-m/nofp\libgcc.a(adddf3.o)
                0x000000000800105c                __aeabi_dadd
 .text          0x000000000800171c      0x5dc C:/ST/STM32CubeIDE_1.13.2/STM32CubeIDE/plugins/com.st.stm32cube.ide.mcu.externaltools.gnu-tools-for-stm32.11.3.rel1.win32_1.1.1.202309131626/tools/bin/../lib/gcc/arm-none-eabi/11.3.1/thumb/v6-m/nofp\libgcc.a(divdf3.o)
                0x000000000800171c                __aeabi_ddiv
 .text          0x0000000008001cf8       0x84 C:/ST/STM32CubeIDE_1.13.2/STM32CubeIDE/plugins/com.st.stm32cube.ide.mcu.externaltools.gnu-tools-for-stm32.11.3.rel1.win32_1.1.1.202309131626/tools/bin/../lib/gcc/arm-none-eabi/11.3.1/thumb/v6-m/nofp\libgcc.a(eqdf2.o)
                0x0000000008001cf8                __nedf2
                0x0000000008001cf8                __eqdf2
 .text          0x0000000008001d7c       0xcc C:/ST/STM32CubeIDE_1.13.2/STM32CubeIDE/plugins/com.st.stm32cube.ide.mcu.externaltools.gnu-tools-for-stm32.11.3.rel1.win32_1.1.1.202309131626/tools/bin/../lib/gcc/arm-none-eabi/11.3.1/thumb/v6-m/nofp\libgcc.a(gedf2.o)
                0x0000000008001d7c                __gedf2
                0x0000000008001d7c                __gtdf2
 .text          0x0000000008001e48       0xc8 C:/ST/STM32CubeIDE_1.13.2/STM32CubeIDE/plugins/com.st.stm32cube.ide.mcu.externaltools.gnu-tools-for-stm32.11.3.rel1.win32_1.1.1.202309131626/tools/bin/../lib/gcc/arm-none-eabi/11.3.1/thumb/v6-m/nofp\libgcc.a(ledf2.o)
                0x0000000008001e48                __ledf2
                0x0000000008001e48                __ltdf2
 .text          0x0000000008001f10      0x584 C:/ST/STM32CubeIDE_1.13.2/STM32CubeIDE/plugins/com.st.stm32cube.ide.mcu.externaltools.gnu-tools-for-stm32.11.3.rel1.win32_1.1.1.202309131626/tools/bin/../lib/gcc/arm-none-eabi/11.3.1/thumb/v6-m/nofp\libgcc.a(muldf3.o)
                0x0000000008001f10                __aeabi_dmul
 .text          0x0000000008002494      0x704 C:/ST/STM32CubeIDE_1.13.2/STM32CubeIDE/plugins/com.st.stm32cube.ide.mcu.externaltools.gnu-tools-for-stm32.11.3.rel1.win32_1.1.1.202309131626/tools/bin/../lib/gcc/arm-none-eabi/11.3.1/thumb/v6-m/nofp\libgcc.a(subdf3.o)
                0x0000000008002494                __aeabi_dsub
 .text          0x0000000008002b98       0x3c C:/ST/STM32CubeIDE_1.13.2/STM32CubeIDE/plugins/com.st.stm32cube.ide.mcu.externaltools.gnu-tools-for-stm32.11.3.rel1.win32_1.1.1.202309131626/tools/bin/../lib/gcc/arm-none-eabi/11.3.1/thumb/v6-m/nofp\libgcc.a(unorddf2.o)
                0x0000000008002b98                __aeabi_dcmpun
 .text          0x0000000008002bd4       0x6c C:/ST/STM32CubeIDE_1.13.2/STM32CubeIDE/plugins/com.st.stm32cube.ide.mcu.externaltools.gnu-tools-for-stm32.11.3.rel1.win32_1.1.1.202309131626/tools/bin/../lib/gcc/arm-none-eabi/11.3.1/thumb/v6-m/nofp\libgcc.a(fixdfsi.o)
                0x0000000008002bd4                __aeabi_d2iz
 .text          0x0000000008002c40       0x60 C:/ST/STM32CubeIDE_1.13.2/STM32CubeIDE/plugins/com.st.stm32cube.ide.mcu.externaltools.gnu-tools-for-stm32.11.3.rel1.win32_1.1.1.202309131626/tools/bin/../lib/gcc/arm-none-eabi/11.3.1/thumb/v6-m/nofp\libgcc.a(floatsidf.o)
                0x0000000008002c40                __aeabi_i2d
 .text          0x0000000008002ca0       0x4c C:/ST/STM32CubeIDE_1.13.2/STM32CubeIDE/plugins/com.st.stm32cube.ide.mcu.externaltools.gnu-tools-for-stm32.11.3.rel1.win32_1.1.1.202309131626/tools/bin/../lib/gcc/arm-none-eabi/11.3.1/thumb/v6-m/nofp\libgcc.a(floatunsidf.o)
                0x0000000008002ca0                __aeabi_ui2d
 .text          0x0000000008002cec       0x90 C:/ST/STM32CubeIDE_1.13.2/STM32CubeIDE/plugins/com.st.stm32cube.ide.mcu.externaltools.gnu-tools-for-stm32.11.3.rel1.win32_1.1.1.202309131626/tools/bin/../lib/gcc/arm-none-eabi/11.3.1/thumb/v6-m/nofp\libgcc.a(extendsfdf2.o)
                0x0000000008002cec                __aeabi_f2d
 .text          0x0000000008002d7c      0x10c C:/ST/STM32CubeIDE_1.13.2/STM32CubeIDE/plugins/com.st.stm32cube.ide.mcu.externaltools.gnu-tools-for-stm32.11.3.rel1.win32_1.1.1.202309131626/tools/bin/../lib/gcc/arm-none-eabi/11.3.1/thumb/v6-m/nofp\libgcc.a(truncdfsf2.o)
                0x0000000008002d7c                __aeabi_d2f
 .text          0x0000000008002e88       0x3c C:/ST/STM32CubeIDE_1.13.2/STM32CubeIDE/plugins/com.st.stm32cube.ide.mcu.externaltools.gnu-tools-for-stm32.11.3.rel1.win32_1.1.1.202309131626/tools/bin/../lib/gcc/arm-none-eabi/11.3.1/thumb/v6-m/nofp\libgcc.a(_clzsi2.o)
                0x0000000008002e88                __clzsi2
 .text          0x0000000008002ec4       0x18 C:/ST/STM32CubeIDE_1.13.2/STM32CubeIDE/plugins/com.st.stm32cube.ide.mcu.externaltools.gnu-tools-for-stm32.11.3.rel1.win32_1.1.1.202309131626/tools/bin/../lib/gcc/arm-none-eabi/11.3.1/thumb/v6-m/nofp\libgcc.a(_clzdi2.o)
                0x0000000008002ec4                __clzdi2
 *(.text*)
 .text.ESP_init
                0x0000000008002edc       0x48 ./Core/Src/ESP32_Wifi.o
                0x0000000008002edc                ESP_init
 .text.ESP_wifiConnect
                0x0000000008002f24       0x88 ./Core/Src/ESP32_Wifi.o
                0x0000000008002f24                ESP_wifiConnect
 .text.ESP_apiConnect
                0x0000000008002fac       0x5c ./Core/Src/ESP32_Wifi.o
                0x0000000008002fac                ESP_apiConnect
 .text.ESP_apiClose
                0x0000000008003008       0x44 ./Core/Src/ESP32_Wifi.o
                0x0000000008003008                ESP_apiClose
 .text.ESP_fetchWeatherData
                0x000000000800304c      0x1b4 ./Core/Src/ESP32_Wifi.o
                0x000000000800304c                ESP_fetchWeatherData
 .text.Parse_number
                0x0000000008003200       0x80 ./Core/Src/ESP32_Wifi.o
                0x0000000008003200                Parse_number
 .text.Parse_text
                0x0000000008003280       0x72 ./Core/Src/ESP32_Wifi.o
                0x0000000008003280                Parse_text
 .text.drawPixel
                0x00000000080032f2       0x38 ./Core/Src/GFX_FUNCTIONS.o
                0x00000000080032f2                drawPixel
 .text.fillRect
                0x000000000800332a       0x4c ./Core/Src/GFX_FUNCTIONS.o
                0x000000000800332a                fillRect
 .text.writePixel
                0x0000000008003376       0x3c ./Core/Src/GFX_FUNCTIONS.o
                0x0000000008003376                writePixel
 .text.writeLine
                0x00000000080033b2      0x1f2 ./Core/Src/GFX_FUNCTIONS.o
                0x00000000080033b2                writeLine
 .text.drawFastVLine
                0x00000000080035a4       0x5e ./Core/Src/GFX_FUNCTIONS.o
                0x00000000080035a4                drawFastVLine
 .text.drawFastHLine
                0x0000000008003602       0x5e ./Core/Src/GFX_FUNCTIONS.o
                0x0000000008003602                drawFastHLine
 .text.drawCircle
                0x0000000008003660      0x2a0 ./Core/Src/GFX_FUNCTIONS.o
                0x0000000008003660                drawCircle
 .text.fillScreen
                0x0000000008003900       0x38 ./Core/Src/GFX_FUNCTIONS.o
                0x0000000008003900                fillScreen
 .text.drawTechyInterface
                0x0000000008003938      0x170 ./Core/Src/GFX_FUNCTIONS.o
                0x0000000008003938                drawTechyInterface
 .text.updateTemperatureAndHumidity
                0x0000000008003aa8      0x104 ./Core/Src/GFX_FUNCTIONS.o
                0x0000000008003aa8                updateTemperatureAndHumidity
 .text.ST7735_Select
                0x0000000008003bac       0x1c ./Core/Src/ST7735_Tft.o
                0x0000000008003bac                ST7735_Select
 .text.ST7735_Unselect
                0x0000000008003bc8       0x1c ./Core/Src/ST7735_Tft.o
                0x0000000008003bc8                ST7735_Unselect
 .text.ST7735_Reset
                0x0000000008003be4       0x2c ./Core/Src/ST7735_Tft.o
                0x0000000008003be4                ST7735_Reset
 .text.ST7735_WriteCommand
                0x0000000008003c10       0x38 ./Core/Src/ST7735_Tft.o
                0x0000000008003c10                ST7735_WriteCommand
 .text.ST7735_WriteData
                0x0000000008003c48       0x38 ./Core/Src/ST7735_Tft.o
                0x0000000008003c48                ST7735_WriteData
 .text.DisplayInit
                0x0000000008003c80       0xc8 ./Core/Src/ST7735_Tft.o
                0x0000000008003c80                DisplayInit
 .text.ST7735_SetAddressWindow
                0x0000000008003d48       0xb0 ./Core/Src/ST7735_Tft.o
                0x0000000008003d48                ST7735_SetAddressWindow
 .text.ST7735_Init
                0x0000000008003df8       0x64 ./Core/Src/ST7735_Tft.o
                0x0000000008003df8                ST7735_Init
 .text.ST7735_SetRotation
                0x0000000008003e5c      0x114 ./Core/Src/ST7735_Tft.o
                0x0000000008003e5c                ST7735_SetRotation
 .text.ST7735_DrawPixel
                0x0000000008003f70       0x9c ./Core/Src/ST7735_Tft.o
                0x0000000008003f70                ST7735_DrawPixel
 .text.ST7735_WriteChar
                0x000000000800400c      0x138 ./Core/Src/ST7735_Tft.o
                0x000000000800400c                ST7735_WriteChar
 .text.ST7735_WriteString
                0x0000000008004144      0x124 ./Core/Src/ST7735_Tft.o
                0x0000000008004144                ST7735_WriteString
 .text.ST7735_FillRectangle
                0x0000000008004268      0x160 ./Core/Src/ST7735_Tft.o
                0x0000000008004268                ST7735_FillRectangle
 .text.Ringbuf_init
                0x00000000080043c8       0x8c ./Core/Src/UART_Ringbuffer.o
                0x00000000080043c8                Ringbuf_init
 .text.store_char
                0x0000000008004454       0x4e ./Core/Src/UART_Ringbuffer.o
                0x0000000008004454                store_char
 *fill*         0x00000000080044a2        0x2 
 .text.Uart_peek
                0x00000000080044a4       0x94 ./Core/Src/UART_Ringbuffer.o
                0x00000000080044a4                Uart_peek
 .text.Uart_read
                0x0000000008004538       0xdc ./Core/Src/UART_Ringbuffer.o
                0x0000000008004538                Uart_read
 .text.Uart_write
                0x0000000008004614       0xe4 ./Core/Src/UART_Ringbuffer.o
                0x0000000008004614                Uart_write
 .text.IsDataAvailable
                0x00000000080046f8       0x8c ./Core/Src/UART_Ringbuffer.o
                0x00000000080046f8                IsDataAvailable
 .text.Get_after
                0x0000000008004784       0x6c ./Core/Src/UART_Ringbuffer.o
                0x0000000008004784                Get_after
 .text.Uart_sendstring
                0x00000000080047f0       0x32 ./Core/Src/UART_Ringbuffer.o
                0x00000000080047f0                Uart_sendstring
 *fill*         0x0000000008004822        0x2 
 .text.Wait_for
                0x0000000008004824       0xc4 ./Core/Src/UART_Ringbuffer.o
                0x0000000008004824                Wait_for
 .text.Uart_isr
                0x00000000080048e8      0x178 ./Core/Src/UART_Ringbuffer.o
                0x00000000080048e8                Uart_isr
 .text.AHT20_init
                0x0000000008004a60       0x54 ./Core/Src/aht20.o
                0x0000000008004a60                AHT20_init
 .text.AHT20_read
                0x0000000008004ab4       0xf4 ./Core/Src/aht20.o
                0x0000000008004ab4                AHT20_read
 .text.sendUart
                0x0000000008004ba8       0x54 ./Core/Src/fatfs_sd.o
                0x0000000008004ba8                sendUart
 .text.bufClear
                0x0000000008004bfc       0x32 ./Core/Src/fatfs_sd.o
                0x0000000008004bfc                bufClear
 *fill*         0x0000000008004c2e        0x2 
 .text.SD_init  0x0000000008004c30      0x210 ./Core/Src/fatfs_sd.o
                0x0000000008004c30                SD_init
 .text.SD_saveHeader
                0x0000000008004e40       0x74 ./Core/Src/fatfs_sd.o
                0x0000000008004e40                SD_saveHeader
 .text.SD_saveData
                0x0000000008004eb4       0xbc ./Core/Src/fatfs_sd.o
                0x0000000008004eb4                SD_saveData
 .text.SELECT   0x0000000008004f70       0x24 ./Core/Src/fatfs_sd.o
 .text.DESELECT
                0x0000000008004f94       0x24 ./Core/Src/fatfs_sd.o
 .text.SPI_TxByte
                0x0000000008004fb8       0x34 ./Core/Src/fatfs_sd.o
 .text.SPI_TxBuffer
                0x0000000008004fec       0x38 ./Core/Src/fatfs_sd.o
 .text.SPI_RxByte
                0x0000000008005024       0x3c ./Core/Src/fatfs_sd.o
 .text.SPI_RxBytePtr
                0x0000000008005060       0x1c ./Core/Src/fatfs_sd.o
 .text.SD_ReadyWait
                0x000000000800507c       0x3c ./Core/Src/fatfs_sd.o
 .text.SD_PowerOn
                0x00000000080050b8       0x90 ./Core/Src/fatfs_sd.o
 .text.SD_PowerOff
                0x0000000008005148       0x14 ./Core/Src/fatfs_sd.o
 .text.SD_CheckPower
                0x000000000800515c       0x14 ./Core/Src/fatfs_sd.o
 .text.SD_RxDataBlock
                0x0000000008005170       0x68 ./Core/Src/fatfs_sd.o
 .text.SD_TxDataBlock
                0x00000000080051d8       0xa6 ./Core/Src/fatfs_sd.o
 .text.SD_SendCmd
                0x000000000800527e       0xd8 ./Core/Src/fatfs_sd.o
 *fill*         0x0000000008005356        0x2 
 .text.SD_disk_initialize
                0x0000000008005358      0x21c ./Core/Src/fatfs_sd.o
                0x0000000008005358                SD_disk_initialize
 .text.SD_disk_status
                0x0000000008005574       0x2c ./Core/Src/fatfs_sd.o
                0x0000000008005574                SD_disk_status
 .text.SD_disk_read
                0x00000000080055a0       0xe0 ./Core/Src/fatfs_sd.o
                0x00000000080055a0                SD_disk_read
 .text.SD_disk_write
                0x0000000008005680      0x110 ./Core/Src/fatfs_sd.o
                0x0000000008005680                SD_disk_write
 .text.SD_disk_ioctl
                0x0000000008005790      0x26c ./Core/Src/fatfs_sd.o
                0x0000000008005790                SD_disk_ioctl
 .text.main     0x00000000080059fc      0x110 ./Core/Src/main.o
                0x00000000080059fc                main
 .text.SystemClock_Config
                0x0000000008005b0c       0xf0 ./Core/Src/main.o
                0x0000000008005b0c                SystemClock_Config
 .text.MX_I2C1_Init
                0x0000000008005bfc       0x80 ./Core/Src/main.o
 .text.MX_SPI1_Init
                0x0000000008005c7c       0x70 ./Core/Src/main.o
 .text.MX_SPI2_Init
                0x0000000008005cec       0x70 ./Core/Src/main.o
 .text.MX_TIM6_Init
                0x0000000008005d5c       0x7c ./Core/Src/main.o
 .text.MX_USART1_UART_Init
                0x0000000008005dd8       0x60 ./Core/Src/main.o
 .text.MX_USART2_UART_Init
                0x0000000008005e38       0x60 ./Core/Src/main.o
 .text.MX_USART4_UART_Init
                0x0000000008005e98       0x60 ./Core/Src/main.o
 .text.MX_GPIO_Init
                0x0000000008005ef8      0x150 ./Core/Src/main.o
 .text.HAL_TIM_PeriodElapsedCallback
                0x0000000008006048       0x38 ./Core/Src/main.o
                0x0000000008006048                HAL_TIM_PeriodElapsedCallback
 .text.Error_Handler
                0x0000000008006080        0xa ./Core/Src/main.o
                0x0000000008006080                Error_Handler
 *fill*         0x000000000800608a        0x2 
 .text.HAL_MspInit
                0x000000000800608c       0x28 ./Core/Src/stm32l0xx_hal_msp.o
                0x000000000800608c                HAL_MspInit
 .text.HAL_I2C_MspInit
                0x00000000080060b4       0x8c ./Core/Src/stm32l0xx_hal_msp.o
                0x00000000080060b4                HAL_I2C_MspInit
 .text.HAL_SPI_MspInit
                0x0000000008006140       0xf0 ./Core/Src/stm32l0xx_hal_msp.o
                0x0000000008006140                HAL_SPI_MspInit
 .text.HAL_TIM_Base_MspInit
                0x0000000008006230       0x6c ./Core/Src/stm32l0xx_hal_msp.o
                0x0000000008006230                HAL_TIM_Base_MspInit
 .text.HAL_UART_MspInit
                0x000000000800629c      0x180 ./Core/Src/stm32l0xx_hal_msp.o
                0x000000000800629c                HAL_UART_MspInit
 .text.SDTimer_Handler
                0x000000000800641c       0x44 ./Core/Src/stm32l0xx_it.o
                0x000000000800641c                SDTimer_Handler
 .text.NMI_Handler
                0x0000000008006460        0x6 ./Core/Src/stm32l0xx_it.o
                0x0000000008006460                NMI_Handler
 .text.HardFault_Handler
                0x0000000008006466        0x6 ./Core/Src/stm32l0xx_it.o
                0x0000000008006466                HardFault_Handler
 .text.SVC_Handler
                0x000000000800646c        0xa ./Core/Src/stm32l0xx_it.o
                0x000000000800646c                SVC_Handler
 .text.PendSV_Handler
                0x0000000008006476        0xa ./Core/Src/stm32l0xx_it.o
                0x0000000008006476                PendSV_Handler
 .text.SysTick_Handler
                0x0000000008006480       0x34 ./Core/Src/stm32l0xx_it.o
                0x0000000008006480                SysTick_Handler
 .text.USART4_5_IRQHandler
                0x00000000080064b4       0x18 ./Core/Src/stm32l0xx_it.o
                0x00000000080064b4                USART4_5_IRQHandler
 .text.TIM6_DAC_IRQHandler
                0x00000000080064cc       0x18 ./Core/Src/stm32l0xx_it.o
                0x00000000080064cc                TIM6_DAC_IRQHandler
 .text.USART1_IRQHandler
                0x00000000080064e4       0x18 ./Core/Src/stm32l0xx_it.o
                0x00000000080064e4                USART1_IRQHandler
 .text.USART2_IRQHandler
                0x00000000080064fc       0x18 ./Core/Src/stm32l0xx_it.o
                0x00000000080064fc                USART2_IRQHandler
 .text._getpid  0x0000000008006514        0xc ./Core/Src/syscalls.o
                0x0000000008006514                _getpid
 .text._kill    0x0000000008006520       0x20 ./Core/Src/syscalls.o
                0x0000000008006520                _kill
 .text._exit    0x0000000008006540       0x18 ./Core/Src/syscalls.o
                0x0000000008006540                _exit
 .text._read    0x0000000008006558       0x3a ./Core/Src/syscalls.o
                0x0000000008006558                _read
 .text._write   0x0000000008006592       0x38 ./Core/Src/syscalls.o
                0x0000000008006592                _write
 .text._close   0x00000000080065ca       0x14 ./Core/Src/syscalls.o
                0x00000000080065ca                _close
 .text._fstat   0x00000000080065de       0x1c ./Core/Src/syscalls.o
                0x00000000080065de                _fstat
 .text._isatty  0x00000000080065fa       0x12 ./Core/Src/syscalls.o
                0x00000000080065fa                _isatty
 .text._lseek   0x000000000800660c       0x16 ./Core/Src/syscalls.o
                0x000000000800660c                _lseek
 *fill*         0x0000000008006622        0x2 
 .text._sbrk    0x0000000008006624       0x6c ./Core/Src/sysmem.o
                0x0000000008006624                _sbrk
 .text.SystemInit
                0x0000000008006690        0xa ./Core/Src/system_stm32l0xx.o
                0x0000000008006690                SystemInit
 *fill*         0x000000000800669a        0x2 
 .text.Reset_Handler
                0x000000000800669c       0x50 ./Core/Startup/startup_stm32l073rztx.o
                0x000000000800669c                Reset_Handler
 .text.Default_Handler
                0x00000000080066ec        0x2 ./Core/Startup/startup_stm32l073rztx.o
                0x00000000080066ec                TSC_IRQHandler
                0x00000000080066ec                ADC1_COMP_IRQHandler
                0x00000000080066ec                PVD_IRQHandler
                0x00000000080066ec                I2C1_IRQHandler
                0x00000000080066ec                RCC_CRS_IRQHandler
                0x00000000080066ec                SPI1_IRQHandler
                0x00000000080066ec                EXTI2_3_IRQHandler
                0x00000000080066ec                I2C2_IRQHandler
                0x00000000080066ec                RTC_IRQHandler
                0x00000000080066ec                LCD_IRQHandler
                0x00000000080066ec                DMA1_Channel4_5_6_7_IRQHandler
                0x00000000080066ec                TIM3_IRQHandler
                0x00000000080066ec                EXTI4_15_IRQHandler
                0x00000000080066ec                DMA1_Channel1_IRQHandler
                0x00000000080066ec                Default_Handler
                0x00000000080066ec                TIM22_IRQHandler
                0x00000000080066ec                TIM7_IRQHandler
                0x00000000080066ec                EXTI0_1_IRQHandler
                0x00000000080066ec                USB_IRQHandler
                0x00000000080066ec                I2C3_IRQHandler
                0x00000000080066ec                SPI2_IRQHandler
                0x00000000080066ec                TIM21_IRQHandler
                0x00000000080066ec                WWDG_IRQHandler
                0x00000000080066ec                TIM2_IRQHandler
                0x00000000080066ec                DMA1_Channel2_3_IRQHandler
                0x00000000080066ec                FLASH_IRQHandler
                0x00000000080066ec                RNG_LPUART1_IRQHandler
                0x00000000080066ec                LPTIM1_IRQHandler
 *fill*         0x00000000080066ee        0x2 
 .text.HAL_Init
                0x00000000080066f0       0x40 ./Drivers/STM32L0xx_HAL_Driver/Src/stm32l0xx_hal.o
                0x00000000080066f0                HAL_Init
 .text.HAL_InitTick
                0x0000000008006730       0x68 ./Drivers/STM32L0xx_HAL_Driver/Src/stm32l0xx_hal.o
                0x0000000008006730                HAL_InitTick
 .text.HAL_IncTick
                0x0000000008006798       0x24 ./Drivers/STM32L0xx_HAL_Driver/Src/stm32l0xx_hal.o
                0x0000000008006798                HAL_IncTick
 .text.HAL_GetTick
                0x00000000080067bc       0x14 ./Drivers/STM32L0xx_HAL_Driver/Src/stm32l0xx_hal.o
                0x00000000080067bc                HAL_GetTick
 .text.HAL_Delay
                0x00000000080067d0       0x48 ./Drivers/STM32L0xx_HAL_Driver/Src/stm32l0xx_hal.o
                0x00000000080067d0                HAL_Delay
 .text.__NVIC_EnableIRQ
                0x0000000008006818       0x34 ./Drivers/STM32L0xx_HAL_Driver/Src/stm32l0xx_hal_cortex.o
 .text.__NVIC_SetPriority
                0x000000000800684c       0xdc ./Drivers/STM32L0xx_HAL_Driver/Src/stm32l0xx_hal_cortex.o
 .text.SysTick_Config
                0x0000000008006928       0x48 ./Drivers/STM32L0xx_HAL_Driver/Src/stm32l0xx_hal_cortex.o
 .text.HAL_NVIC_SetPriority
                0x0000000008006970       0x2a ./Drivers/STM32L0xx_HAL_Driver/Src/stm32l0xx_hal_cortex.o
                0x0000000008006970                HAL_NVIC_SetPriority
 .text.HAL_NVIC_EnableIRQ
                0x000000000800699a       0x20 ./Drivers/STM32L0xx_HAL_Driver/Src/stm32l0xx_hal_cortex.o
                0x000000000800699a                HAL_NVIC_EnableIRQ
 .text.HAL_SYSTICK_Config
                0x00000000080069ba       0x1a ./Drivers/STM32L0xx_HAL_Driver/Src/stm32l0xx_hal_cortex.o
                0x00000000080069ba                HAL_SYSTICK_Config
 .text.HAL_DMA_Abort
                0x00000000080069d4       0x80 ./Drivers/STM32L0xx_HAL_Driver/Src/stm32l0xx_hal_dma.o
                0x00000000080069d4                HAL_DMA_Abort
 .text.HAL_DMA_Abort_IT
                0x0000000008006a54       0x8e ./Drivers/STM32L0xx_HAL_Driver/Src/stm32l0xx_hal_dma.o
                0x0000000008006a54                HAL_DMA_Abort_IT
 *fill*         0x0000000008006ae2        0x2 
 .text.HAL_GPIO_Init
                0x0000000008006ae4      0x2fc ./Drivers/STM32L0xx_HAL_Driver/Src/stm32l0xx_hal_gpio.o
                0x0000000008006ae4                HAL_GPIO_Init
 .text.HAL_GPIO_WritePin
                0x0000000008006de0       0x3a ./Drivers/STM32L0xx_HAL_Driver/Src/stm32l0xx_hal_gpio.o
                0x0000000008006de0                HAL_GPIO_WritePin
 *fill*         0x0000000008006e1a        0x2 
 .text.HAL_I2C_Init
                0x0000000008006e1c      0x12c ./Drivers/STM32L0xx_HAL_Driver/Src/stm32l0xx_hal_i2c.o
                0x0000000008006e1c                HAL_I2C_Init
 .text.HAL_I2C_Master_Transmit
                0x0000000008006f48      0x210 ./Drivers/STM32L0xx_HAL_Driver/Src/stm32l0xx_hal_i2c.o
                0x0000000008006f48                HAL_I2C_Master_Transmit
 .text.HAL_I2C_Master_Receive
                0x0000000008007158      0x210 ./Drivers/STM32L0xx_HAL_Driver/Src/stm32l0xx_hal_i2c.o
                0x0000000008007158                HAL_I2C_Master_Receive
 .text.I2C_Flush_TXDR
                0x0000000008007368       0x44 ./Drivers/STM32L0xx_HAL_Driver/Src/stm32l0xx_hal_i2c.o
 .text.I2C_WaitOnFlagUntilTimeout
                0x00000000080073ac       0x9c ./Drivers/STM32L0xx_HAL_Driver/Src/stm32l0xx_hal_i2c.o
 .text.I2C_WaitOnTXISFlagUntilTimeout
                0x0000000008007448       0x8c ./Drivers/STM32L0xx_HAL_Driver/Src/stm32l0xx_hal_i2c.o
 .text.I2C_WaitOnSTOPFlagUntilTimeout
                0x00000000080074d4       0x86 ./Drivers/STM32L0xx_HAL_Driver/Src/stm32l0xx_hal_i2c.o
 *fill*         0x000000000800755a        0x2 
 .text.I2C_WaitOnRXNEFlagUntilTimeout
                0x000000000800755c      0x104 ./Drivers/STM32L0xx_HAL_Driver/Src/stm32l0xx_hal_i2c.o
 .text.I2C_IsErrorOccurred
                0x0000000008007660      0x200 ./Drivers/STM32L0xx_HAL_Driver/Src/stm32l0xx_hal_i2c.o
 .text.I2C_TransferConfig
                0x0000000008007860       0x74 ./Drivers/STM32L0xx_HAL_Driver/Src/stm32l0xx_hal_i2c.o
 .text.HAL_I2CEx_ConfigAnalogFilter
                0x00000000080078d4       0x98 ./Drivers/STM32L0xx_HAL_Driver/Src/stm32l0xx_hal_i2c_ex.o
                0x00000000080078d4                HAL_I2CEx_ConfigAnalogFilter
 .text.HAL_I2CEx_ConfigDigitalFilter
                0x000000000800796c       0x98 ./Drivers/STM32L0xx_HAL_Driver/Src/stm32l0xx_hal_i2c_ex.o
                0x000000000800796c                HAL_I2CEx_ConfigDigitalFilter
 .text.HAL_RCC_OscConfig
                0x0000000008007a04      0x7a8 ./Drivers/STM32L0xx_HAL_Driver/Src/stm32l0xx_hal_rcc.o
                0x0000000008007a04                HAL_RCC_OscConfig
 .text.HAL_RCC_ClockConfig
                0x00000000080081ac      0x290 ./Drivers/STM32L0xx_HAL_Driver/Src/stm32l0xx_hal_rcc.o
                0x00000000080081ac                HAL_RCC_ClockConfig
 .text.HAL_RCC_GetSysClockFreq
                0x000000000800843c      0x14c ./Drivers/STM32L0xx_HAL_Driver/Src/stm32l0xx_hal_rcc.o
                0x000000000800843c                HAL_RCC_GetSysClockFreq
 .text.HAL_RCC_GetHCLKFreq
                0x0000000008008588       0x14 ./Drivers/STM32L0xx_HAL_Driver/Src/stm32l0xx_hal_rcc.o
                0x0000000008008588                HAL_RCC_GetHCLKFreq
 .text.HAL_RCC_GetPCLK1Freq
                0x000000000800859c       0x2c ./Drivers/STM32L0xx_HAL_Driver/Src/stm32l0xx_hal_rcc.o
                0x000000000800859c                HAL_RCC_GetPCLK1Freq
 .text.HAL_RCC_GetPCLK2Freq
                0x00000000080085c8       0x2c ./Drivers/STM32L0xx_HAL_Driver/Src/stm32l0xx_hal_rcc.o
                0x00000000080085c8                HAL_RCC_GetPCLK2Freq
 .text.HAL_RCCEx_PeriphCLKConfig
                0x00000000080085f4      0x33c ./Drivers/STM32L0xx_HAL_Driver/Src/stm32l0xx_hal_rcc_ex.o
                0x00000000080085f4                HAL_RCCEx_PeriphCLKConfig
 .text.HAL_SPI_Init
                0x0000000008008930      0x128 ./Drivers/STM32L0xx_HAL_Driver/Src/stm32l0xx_hal_spi.o
                0x0000000008008930                HAL_SPI_Init
 .text.HAL_SPI_Transmit
                0x0000000008008a58      0x2ba ./Drivers/STM32L0xx_HAL_Driver/Src/stm32l0xx_hal_spi.o
                0x0000000008008a58                HAL_SPI_Transmit
 .text.HAL_SPI_TransmitReceive
                0x0000000008008d12      0x396 ./Drivers/STM32L0xx_HAL_Driver/Src/stm32l0xx_hal_spi.o
                0x0000000008008d12                HAL_SPI_TransmitReceive
 .text.SPI_WaitFlagStateUntilTimeout
                0x00000000080090a8      0x11c ./Drivers/STM32L0xx_HAL_Driver/Src/stm32l0xx_hal_spi.o
 .text.SPI_EndRxTxTransaction
                0x00000000080091c4       0x8c ./Drivers/STM32L0xx_HAL_Driver/Src/stm32l0xx_hal_spi.o
 .text.HAL_TIM_Base_Init
                0x0000000008009250       0x80 ./Drivers/STM32L0xx_HAL_Driver/Src/stm32l0xx_hal_tim.o
                0x0000000008009250                HAL_TIM_Base_Init
 .text.HAL_TIM_Base_Start_IT
                0x00000000080092d0       0xa4 ./Drivers/STM32L0xx_HAL_Driver/Src/stm32l0xx_hal_tim.o
                0x00000000080092d0                HAL_TIM_Base_Start_IT
 .text.HAL_TIM_IRQHandler
                0x0000000008009374      0x1d0 ./Drivers/STM32L0xx_HAL_Driver/Src/stm32l0xx_hal_tim.o
                0x0000000008009374                HAL_TIM_IRQHandler
 .text.HAL_TIM_OC_DelayElapsedCallback
                0x0000000008009544       0x10 ./Drivers/STM32L0xx_HAL_Driver/Src/stm32l0xx_hal_tim.o
                0x0000000008009544                HAL_TIM_OC_DelayElapsedCallback
 .text.HAL_TIM_IC_CaptureCallback
                0x0000000008009554       0x10 ./Drivers/STM32L0xx_HAL_Driver/Src/stm32l0xx_hal_tim.o
                0x0000000008009554                HAL_TIM_IC_CaptureCallback
 .text.HAL_TIM_PWM_PulseFinishedCallback
                0x0000000008009564       0x10 ./Drivers/STM32L0xx_HAL_Driver/Src/stm32l0xx_hal_tim.o
                0x0000000008009564                HAL_TIM_PWM_PulseFinishedCallback
 .text.HAL_TIM_TriggerCallback
                0x0000000008009574       0x10 ./Drivers/STM32L0xx_HAL_Driver/Src/stm32l0xx_hal_tim.o
                0x0000000008009574                HAL_TIM_TriggerCallback
 .text.TIM_Base_SetConfig
                0x0000000008009584       0xbc ./Drivers/STM32L0xx_HAL_Driver/Src/stm32l0xx_hal_tim.o
 .text.HAL_TIMEx_MasterConfigSynchronization
                0x0000000008009640       0xbc ./Drivers/STM32L0xx_HAL_Driver/Src/stm32l0xx_hal_tim_ex.o
                0x0000000008009640                HAL_TIMEx_MasterConfigSynchronization
 .text.HAL_UART_Init
                0x00000000080096fc       0xa8 ./Drivers/STM32L0xx_HAL_Driver/Src/stm32l0xx_hal_uart.o
                0x00000000080096fc                HAL_UART_Init
 .text.HAL_UART_Transmit
                0x00000000080097a4      0x13e ./Drivers/STM32L0xx_HAL_Driver/Src/stm32l0xx_hal_uart.o
                0x00000000080097a4                HAL_UART_Transmit
 *fill*         0x00000000080098e2        0x2 
 .text.HAL_UART_IRQHandler
                0x00000000080098e4      0x5c4 ./Drivers/STM32L0xx_HAL_Driver/Src/stm32l0xx_hal_uart.o
                0x00000000080098e4                HAL_UART_IRQHandler
 .text.HAL_UART_TxCpltCallback
                0x0000000008009ea8       0x10 ./Drivers/STM32L0xx_HAL_Driver/Src/stm32l0xx_hal_uart.o
                0x0000000008009ea8                HAL_UART_TxCpltCallback
 .text.HAL_UART_ErrorCallback
                0x0000000008009eb8       0x10 ./Drivers/STM32L0xx_HAL_Driver/Src/stm32l0xx_hal_uart.o
                0x0000000008009eb8                HAL_UART_ErrorCallback
 .text.HAL_UARTEx_RxEventCallback
                0x0000000008009ec8       0x16 ./Drivers/STM32L0xx_HAL_Driver/Src/stm32l0xx_hal_uart.o
                0x0000000008009ec8                HAL_UARTEx_RxEventCallback
 *fill*         0x0000000008009ede        0x2 
 .text.UART_SetConfig
                0x0000000008009ee0      0x53c ./Drivers/STM32L0xx_HAL_Driver/Src/stm32l0xx_hal_uart.o
                0x0000000008009ee0                UART_SetConfig
 .text.UART_AdvFeatureConfig
                0x000000000800a41c      0x168 ./Drivers/STM32L0xx_HAL_Driver/Src/stm32l0xx_hal_uart.o
                0x000000000800a41c                UART_AdvFeatureConfig
 .text.UART_CheckIdleState
                0x000000000800a584      0x150 ./Drivers/STM32L0xx_HAL_Driver/Src/stm32l0xx_hal_uart.o
                0x000000000800a584                UART_CheckIdleState
 .text.UART_WaitOnFlagUntilTimeout
                0x000000000800a6d4       0xd2 ./Drivers/STM32L0xx_HAL_Driver/Src/stm32l0xx_hal_uart.o
                0x000000000800a6d4                UART_WaitOnFlagUntilTimeout
 *fill*         0x000000000800a7a6        0x2 
 .text.UART_EndRxTransfer
                0x000000000800a7a8       0xc8 ./Drivers/STM32L0xx_HAL_Driver/Src/stm32l0xx_hal_uart.o
 .text.UART_DMAAbortOnError
                0x000000000800a870       0x2e ./Drivers/STM32L0xx_HAL_Driver/Src/stm32l0xx_hal_uart.o
 .text.UART_EndTransmit_IT
                0x000000000800a89e       0x56 ./Drivers/STM32L0xx_HAL_Driver/Src/stm32l0xx_hal_uart.o
 .text.HAL_UARTEx_WakeupCallback
                0x000000000800a8f4       0x10 ./Drivers/STM32L0xx_HAL_Driver/Src/stm32l0xx_hal_uart_ex.o
                0x000000000800a8f4                HAL_UARTEx_WakeupCallback
 .text.MX_FATFS_Init
                0x000000000800a904       0x2c ./FATFS/App/fatfs.o
                0x000000000800a904                MX_FATFS_Init
 .text.get_fattime
                0x000000000800a930        0xc ./FATFS/App/fatfs.o
                0x000000000800a930                get_fattime
 .text.USER_initialize
                0x000000000800a93c       0x20 ./FATFS/Target/user_diskio.o
                0x000000000800a93c                USER_initialize
 .text.USER_status
                0x000000000800a95c       0x20 ./FATFS/Target/user_diskio.o
                0x000000000800a95c                USER_status
 .text.USER_read
                0x000000000800a97c       0x2e ./FATFS/Target/user_diskio.o
                0x000000000800a97c                USER_read
 .text.USER_write
                0x000000000800a9aa       0x2e ./FATFS/Target/user_diskio.o
                0x000000000800a9aa                USER_write
 .text.USER_ioctl
                0x000000000800a9d8       0x2e ./FATFS/Target/user_diskio.o
                0x000000000800a9d8                USER_ioctl
 *fill*         0x000000000800aa06        0x2 
 .text.disk_status
                0x000000000800aa08       0x44 ./Middlewares/Third_Party/FatFs/src/diskio.o
                0x000000000800aa08                disk_status
 .text.disk_initialize
                0x000000000800aa4c       0x60 ./Middlewares/Third_Party/FatFs/src/diskio.o
                0x000000000800aa4c                disk_initialize
 .text.disk_read
                0x000000000800aaac       0x50 ./Middlewares/Third_Party/FatFs/src/diskio.o
                0x000000000800aaac                disk_read
 .text.disk_write
                0x000000000800aafc       0x50 ./Middlewares/Third_Party/FatFs/src/diskio.o
                0x000000000800aafc                disk_write
 .text.disk_ioctl
                0x000000000800ab4c       0x50 ./Middlewares/Third_Party/FatFs/src/diskio.o
                0x000000000800ab4c                disk_ioctl
 .text.ld_word  0x000000000800ab9c       0x36 ./Middlewares/Third_Party/FatFs/src/ff.o
 .text.ld_dword
                0x000000000800abd2       0x42 ./Middlewares/Third_Party/FatFs/src/ff.o
 .text.st_word  0x000000000800ac14       0x3c ./Middlewares/Third_Party/FatFs/src/ff.o
 .text.st_dword
                0x000000000800ac50       0x54 ./Middlewares/Third_Party/FatFs/src/ff.o
 .text.mem_cpy  0x000000000800aca4       0x3e ./Middlewares/Third_Party/FatFs/src/ff.o
 .text.mem_set  0x000000000800ace2       0x32 ./Middlewares/Third_Party/FatFs/src/ff.o
 .text.mem_cmp  0x000000000800ad14       0x4a ./Middlewares/Third_Party/FatFs/src/ff.o
 .text.chk_chr  0x000000000800ad5e       0x32 ./Middlewares/Third_Party/FatFs/src/ff.o
 .text.chk_lock
                0x000000000800ad90       0xb0 ./Middlewares/Third_Party/FatFs/src/ff.o
 .text.enq_lock
                0x000000000800ae40       0x3c ./Middlewares/Third_Party/FatFs/src/ff.o
 .text.inc_lock
                0x000000000800ae7c      0x114 ./Middlewares/Third_Party/FatFs/src/ff.o
 .text.dec_lock
                0x000000000800af90       0x94 ./Middlewares/Third_Party/FatFs/src/ff.o
 .text.clear_lock
                0x000000000800b024       0x40 ./Middlewares/Third_Party/FatFs/src/ff.o
 .text.sync_window
                0x000000000800b064       0x90 ./Middlewares/Third_Party/FatFs/src/ff.o
 .text.move_window
                0x000000000800b0f4       0x6a ./Middlewares/Third_Party/FatFs/src/ff.o
 *fill*         0x000000000800b15e        0x2 
 .text.sync_fs  0x000000000800b160       0xf8 ./Middlewares/Third_Party/FatFs/src/ff.o
 .text.clust2sect
                0x000000000800b258       0x38 ./Middlewares/Third_Party/FatFs/src/ff.o
 .text.get_fat  0x000000000800b290      0x1b6 ./Middlewares/Third_Party/FatFs/src/ff.o
 .text.put_fat  0x000000000800b446      0x260 ./Middlewares/Third_Party/FatFs/src/ff.o
 .text.remove_chain
                0x000000000800b6a6       0xe6 ./Middlewares/Third_Party/FatFs/src/ff.o
 .text.create_chain
                0x000000000800b78c      0x14c ./Middlewares/Third_Party/FatFs/src/ff.o
 .text.clmt_clust
                0x000000000800b8d8       0x76 ./Middlewares/Third_Party/FatFs/src/ff.o
 .text.dir_sdi  0x000000000800b94e      0x118 ./Middlewares/Third_Party/FatFs/src/ff.o
 .text.dir_next
                0x000000000800ba66      0x1b8 ./Middlewares/Third_Party/FatFs/src/ff.o
 .text.dir_alloc
                0x000000000800bc1e       0xb0 ./Middlewares/Third_Party/FatFs/src/ff.o
 .text.ld_clust
                0x000000000800bcce       0x3e ./Middlewares/Third_Party/FatFs/src/ff.o
 .text.st_clust
                0x000000000800bd0c       0x40 ./Middlewares/Third_Party/FatFs/src/ff.o
 .text.cmp_lfn  0x000000000800bd4c      0x100 ./Middlewares/Third_Party/FatFs/src/ff.o
 .text.put_lfn  0x000000000800be4c       0xf0 ./Middlewares/Third_Party/FatFs/src/ff.o
 .text.gen_numname
                0x000000000800bf3c      0x128 ./Middlewares/Third_Party/FatFs/src/ff.o
 .text.sum_sfn  0x000000000800c064       0x4a ./Middlewares/Third_Party/FatFs/src/ff.o
 .text.dir_find
                0x000000000800c0ae      0x1f6 ./Middlewares/Third_Party/FatFs/src/ff.o
 .text.dir_register
                0x000000000800c2a4      0x220 ./Middlewares/Third_Party/FatFs/src/ff.o
 .text.create_name
                0x000000000800c4c4      0x408 ./Middlewares/Third_Party/FatFs/src/ff.o
 .text.follow_path
                0x000000000800c8cc      0x114 ./Middlewares/Third_Party/FatFs/src/ff.o
 .text.get_ldnumber
                0x000000000800c9e0       0x84 ./Middlewares/Third_Party/FatFs/src/ff.o
 .text.check_fs
                0x000000000800ca64       0xb0 ./Middlewares/Third_Party/FatFs/src/ff.o
 .text.find_volume
                0x000000000800cb14      0x558 ./Middlewares/Third_Party/FatFs/src/ff.o
 .text.validate
                0x000000000800d06c       0x78 ./Middlewares/Third_Party/FatFs/src/ff.o
 .text.f_mount  0x000000000800d0e4       0x98 ./Middlewares/Third_Party/FatFs/src/ff.o
                0x000000000800d0e4                f_mount
 .text.f_open   0x000000000800d17c      0x40a ./Middlewares/Third_Party/FatFs/src/ff.o
                0x000000000800d17c                f_open
 .text.f_write  0x000000000800d586      0x336 ./Middlewares/Third_Party/FatFs/src/ff.o
                0x000000000800d586                f_write
 .text.f_sync   0x000000000800d8bc      0x112 ./Middlewares/Third_Party/FatFs/src/ff.o
                0x000000000800d8bc                f_sync
 .text.f_close  0x000000000800d9ce       0x68 ./Middlewares/Third_Party/FatFs/src/ff.o
                0x000000000800d9ce                f_close
 .text.f_getfree
                0x000000000800da36      0x17a ./Middlewares/Third_Party/FatFs/src/ff.o
                0x000000000800da36                f_getfree
 .text.putc_bfd
                0x000000000800dbb0       0x82 ./Middlewares/Third_Party/FatFs/src/ff.o
 .text.putc_flush
                0x000000000800dc32       0x48 ./Middlewares/Third_Party/FatFs/src/ff.o
 .text.putc_init
                0x000000000800dc7a       0x26 ./Middlewares/Third_Party/FatFs/src/ff.o
 .text.f_puts   0x000000000800dca0       0x4a ./Middlewares/Third_Party/FatFs/src/ff.o
                0x000000000800dca0                f_puts
 *fill*         0x000000000800dcea        0x2 
 .text.FATFS_LinkDriverEx
                0x000000000800dcec       0xa8 ./Middlewares/Third_Party/FatFs/src/ff_gen_drv.o
                0x000000000800dcec                FATFS_LinkDriverEx
 .text.FATFS_LinkDriver
                0x000000000800dd94       0x20 ./Middlewares/Third_Party/FatFs/src/ff_gen_drv.o
                0x000000000800dd94                FATFS_LinkDriver
 .text.ff_convert
                0x000000000800ddb4       0xa4 ./Middlewares/Third_Party/FatFs/src/option/ccsbcs.o
                0x000000000800ddb4                ff_convert
 .text.ff_wtoupper
                0x000000000800de58      0x160 ./Middlewares/Third_Party/FatFs/src/option/ccsbcs.o
                0x000000000800de58                ff_wtoupper
 .text.__cvt    0x000000000800dfb8       0xc6 C:/ST/STM32CubeIDE_1.13.2/STM32CubeIDE/plugins/com.st.stm32cube.ide.mcu.externaltools.gnu-tools-for-stm32.11.3.rel1.win32_1.1.1.202309131626/tools/bin/../lib/gcc/arm-none-eabi/11.3.1/../../../../arm-none-eabi/lib/thumb/v6-m/nofp\libc_nano.a(libc_a-nano-vfprintf_float.o)
                0x000000000800dfb8                __cvt
 .text.__exponent
                0x000000000800e07e       0x8a C:/ST/STM32CubeIDE_1.13.2/STM32CubeIDE/plugins/com.st.stm32cube.ide.mcu.externaltools.gnu-tools-for-stm32.11.3.rel1.win32_1.1.1.202309131626/tools/bin/../lib/gcc/arm-none-eabi/11.3.1/../../../../arm-none-eabi/lib/thumb/v6-m/nofp\libc_nano.a(libc_a-nano-vfprintf_float.o)
                0x000000000800e07e                __exponent
 .text._printf_float
                0x000000000800e108      0x4ac C:/ST/STM32CubeIDE_1.13.2/STM32CubeIDE/plugins/com.st.stm32cube.ide.mcu.externaltools.gnu-tools-for-stm32.11.3.rel1.win32_1.1.1.202309131626/tools/bin/../lib/gcc/arm-none-eabi/11.3.1/../../../../arm-none-eabi/lib/thumb/v6-m/nofp\libc_nano.a(libc_a-nano-vfprintf_float.o)
                0x000000000800e108                _printf_float
 .text._printf_common
                0x000000000800e5b4       0xde C:/ST/STM32CubeIDE_1.13.2/STM32CubeIDE/plugins/com.st.stm32cube.ide.mcu.externaltools.gnu-tools-for-stm32.11.3.rel1.win32_1.1.1.202309131626/tools/bin/../lib/gcc/arm-none-eabi/11.3.1/../../../../arm-none-eabi/lib/thumb/v6-m/nofp\libc_nano.a(libc_a-nano-vfprintf_i.o)
                0x000000000800e5b4                _printf_common
 *fill*         0x000000000800e692        0x2 
 .text._printf_i
                0x000000000800e694      0x220 C:/ST/STM32CubeIDE_1.13.2/STM32CubeIDE/plugins/com.st.stm32cube.ide.mcu.externaltools.gnu-tools-for-stm32.11.3.rel1.win32_1.1.1.202309131626/tools/bin/../lib/gcc/arm-none-eabi/11.3.1/../../../../arm-none-eabi/lib/thumb/v6-m/nofp\libc_nano.a(libc_a-nano-vfprintf_i.o)
                0x000000000800e694                _printf_i
 .text._scanf_float
                0x000000000800e8b4      0x410 C:/ST/STM32CubeIDE_1.13.2/STM32CubeIDE/plugins/com.st.stm32cube.ide.mcu.externaltools.gnu-tools-for-stm32.11.3.rel1.win32_1.1.1.202309131626/tools/bin/../lib/gcc/arm-none-eabi/11.3.1/../../../../arm-none-eabi/lib/thumb/v6-m/nofp\libc_nano.a(libc_a-nano-vfscanf_float.o)
                0x000000000800e8b4                _scanf_float
 .text.std      0x000000000800ecc4       0x6c C:/ST/STM32CubeIDE_1.13.2/STM32CubeIDE/plugins/com.st.stm32cube.ide.mcu.externaltools.gnu-tools-for-stm32.11.3.rel1.win32_1.1.1.202309131626/tools/bin/../lib/gcc/arm-none-eabi/11.3.1/../../../../arm-none-eabi/lib/thumb/v6-m/nofp\libc_nano.a(libc_a-findfp.o)
 .text.stdio_exit_handler
                0x000000000800ed30       0x1c C:/ST/STM32CubeIDE_1.13.2/STM32CubeIDE/plugins/com.st.stm32cube.ide.mcu.externaltools.gnu-tools-for-stm32.11.3.rel1.win32_1.1.1.202309131626/tools/bin/../lib/gcc/arm-none-eabi/11.3.1/../../../../arm-none-eabi/lib/thumb/v6-m/nofp\libc_nano.a(libc_a-findfp.o)
 .text.cleanup_stdio
                0x000000000800ed4c       0x3c C:/ST/STM32CubeIDE_1.13.2/STM32CubeIDE/plugins/com.st.stm32cube.ide.mcu.externaltools.gnu-tools-for-stm32.11.3.rel1.win32_1.1.1.202309131626/tools/bin/../lib/gcc/arm-none-eabi/11.3.1/../../../../arm-none-eabi/lib/thumb/v6-m/nofp\libc_nano.a(libc_a-findfp.o)
 .text.global_stdio_init.part.0
                0x000000000800ed88       0x3c C:/ST/STM32CubeIDE_1.13.2/STM32CubeIDE/plugins/com.st.stm32cube.ide.mcu.externaltools.gnu-tools-for-stm32.11.3.rel1.win32_1.1.1.202309131626/tools/bin/../lib/gcc/arm-none-eabi/11.3.1/../../../../arm-none-eabi/lib/thumb/v6-m/nofp\libc_nano.a(libc_a-findfp.o)
 .text.__sfp_lock_acquire
                0x000000000800edc4       0x10 C:/ST/STM32CubeIDE_1.13.2/STM32CubeIDE/plugins/com.st.stm32cube.ide.mcu.externaltools.gnu-tools-for-stm32.11.3.rel1.win32_1.1.1.202309131626/tools/bin/../lib/gcc/arm-none-eabi/11.3.1/../../../../arm-none-eabi/lib/thumb/v6-m/nofp\libc_nano.a(libc_a-findfp.o)
                0x000000000800edc4                __sfp_lock_acquire
 .text.__sfp_lock_release
                0x000000000800edd4       0x10 C:/ST/STM32CubeIDE_1.13.2/STM32CubeIDE/plugins/com.st.stm32cube.ide.mcu.externaltools.gnu-tools-for-stm32.11.3.rel1.win32_1.1.1.202309131626/tools/bin/../lib/gcc/arm-none-eabi/11.3.1/../../../../arm-none-eabi/lib/thumb/v6-m/nofp\libc_nano.a(libc_a-findfp.o)
                0x000000000800edd4                __sfp_lock_release
 .text.__sinit  0x000000000800ede4       0x30 C:/ST/STM32CubeIDE_1.13.2/STM32CubeIDE/plugins/com.st.stm32cube.ide.mcu.externaltools.gnu-tools-for-stm32.11.3.rel1.win32_1.1.1.202309131626/tools/bin/../lib/gcc/arm-none-eabi/11.3.1/../../../../arm-none-eabi/lib/thumb/v6-m/nofp\libc_nano.a(libc_a-findfp.o)
                0x000000000800ede4                __sinit
 .text._fwalk_sglue
                0x000000000800ee14       0x38 C:/ST/STM32CubeIDE_1.13.2/STM32CubeIDE/plugins/com.st.stm32cube.ide.mcu.externaltools.gnu-tools-for-stm32.11.3.rel1.win32_1.1.1.202309131626/tools/bin/../lib/gcc/arm-none-eabi/11.3.1/../../../../arm-none-eabi/lib/thumb/v6-m/nofp\libc_nano.a(libc_a-fwalk.o)
                0x000000000800ee14                _fwalk_sglue
 .text.snprintf
                0x000000000800ee4c       0x68 C:/ST/STM32CubeIDE_1.13.2/STM32CubeIDE/plugins/com.st.stm32cube.ide.mcu.externaltools.gnu-tools-for-stm32.11.3.rel1.win32_1.1.1.202309131626/tools/bin/../lib/gcc/arm-none-eabi/11.3.1/../../../../arm-none-eabi/lib/thumb/v6-m/nofp\libc_nano.a(libc_a-snprintf.o)
                0x000000000800ee4c                sniprintf
                0x000000000800ee4c                snprintf
 .text.sprintf  0x000000000800eeb4       0x40 C:/ST/STM32CubeIDE_1.13.2/STM32CubeIDE/plugins/com.st.stm32cube.ide.mcu.externaltools.gnu-tools-for-stm32.11.3.rel1.win32_1.1.1.202309131626/tools/bin/../lib/gcc/arm-none-eabi/11.3.1/../../../../arm-none-eabi/lib/thumb/v6-m/nofp\libc_nano.a(libc_a-sprintf.o)
                0x000000000800eeb4                siprintf
                0x000000000800eeb4                sprintf
 .text.__sread  0x000000000800eef4       0x28 C:/ST/STM32CubeIDE_1.13.2/STM32CubeIDE/plugins/com.st.stm32cube.ide.mcu.externaltools.gnu-tools-for-stm32.11.3.rel1.win32_1.1.1.202309131626/tools/bin/../lib/gcc/arm-none-eabi/11.3.1/../../../../arm-none-eabi/lib/thumb/v6-m/nofp\libc_nano.a(libc_a-stdio.o)
                0x000000000800eef4                __sread
 .text.__swrite
                0x000000000800ef1c       0x38 C:/ST/STM32CubeIDE_1.13.2/STM32CubeIDE/plugins/com.st.stm32cube.ide.mcu.externaltools.gnu-tools-for-stm32.11.3.rel1.win32_1.1.1.202309131626/tools/bin/../lib/gcc/arm-none-eabi/11.3.1/../../../../arm-none-eabi/lib/thumb/v6-m/nofp\libc_nano.a(libc_a-stdio.o)
                0x000000000800ef1c                __swrite
 .text.__sseek  0x000000000800ef54       0x2c C:/ST/STM32CubeIDE_1.13.2/STM32CubeIDE/plugins/com.st.stm32cube.ide.mcu.externaltools.gnu-tools-for-stm32.11.3.rel1.win32_1.1.1.202309131626/tools/bin/../lib/gcc/arm-none-eabi/11.3.1/../../../../arm-none-eabi/lib/thumb/v6-m/nofp\libc_nano.a(libc_a-stdio.o)
                0x000000000800ef54                __sseek
 .text.__sclose
                0x000000000800ef80        0xc C:/ST/STM32CubeIDE_1.13.2/STM32CubeIDE/plugins/com.st.stm32cube.ide.mcu.externaltools.gnu-tools-for-stm32.11.3.rel1.win32_1.1.1.202309131626/tools/bin/../lib/gcc/arm-none-eabi/11.3.1/../../../../arm-none-eabi/lib/thumb/v6-m/nofp\libc_nano.a(libc_a-stdio.o)
                0x000000000800ef80                __sclose
 .text.memset   0x000000000800ef8c       0x10 C:/ST/STM32CubeIDE_1.13.2/STM32CubeIDE/plugins/com.st.stm32cube.ide.mcu.externaltools.gnu-tools-for-stm32.11.3.rel1.win32_1.1.1.202309131626/tools/bin/../lib/gcc/arm-none-eabi/11.3.1/../../../../arm-none-eabi/lib/thumb/v6-m/nofp\libc_nano.a(libc_a-memset.o)
                0x000000000800ef8c                memset
 .text._localeconv_r
                0x000000000800ef9c        0x8 C:/ST/STM32CubeIDE_1.13.2/STM32CubeIDE/plugins/com.st.stm32cube.ide.mcu.externaltools.gnu-tools-for-stm32.11.3.rel1.win32_1.1.1.202309131626/tools/bin/../lib/gcc/arm-none-eabi/11.3.1/../../../../arm-none-eabi/lib/thumb/v6-m/nofp\libc_nano.a(libc_a-localeconv.o)
                0x000000000800ef9c                _localeconv_r
 .text._close_r
                0x000000000800efa4       0x24 C:/ST/STM32CubeIDE_1.13.2/STM32CubeIDE/plugins/com.st.stm32cube.ide.mcu.externaltools.gnu-tools-for-stm32.11.3.rel1.win32_1.1.1.202309131626/tools/bin/../lib/gcc/arm-none-eabi/11.3.1/../../../../arm-none-eabi/lib/thumb/v6-m/nofp\libc_nano.a(libc_a-closer.o)
                0x000000000800efa4                _close_r
 .text._lseek_r
                0x000000000800efc8       0x28 C:/ST/STM32CubeIDE_1.13.2/STM32CubeIDE/plugins/com.st.stm32cube.ide.mcu.externaltools.gnu-tools-for-stm32.11.3.rel1.win32_1.1.1.202309131626/tools/bin/../lib/gcc/arm-none-eabi/11.3.1/../../../../arm-none-eabi/lib/thumb/v6-m/nofp\libc_nano.a(libc_a-lseekr.o)
                0x000000000800efc8                _lseek_r
 .text._read_r  0x000000000800eff0       0x28 C:/ST/STM32CubeIDE_1.13.2/STM32CubeIDE/plugins/com.st.stm32cube.ide.mcu.externaltools.gnu-tools-for-stm32.11.3.rel1.win32_1.1.1.202309131626/tools/bin/../lib/gcc/arm-none-eabi/11.3.1/../../../../arm-none-eabi/lib/thumb/v6-m/nofp\libc_nano.a(libc_a-readr.o)
                0x000000000800eff0                _read_r
 .text._write_r
                0x000000000800f018       0x28 C:/ST/STM32CubeIDE_1.13.2/STM32CubeIDE/plugins/com.st.stm32cube.ide.mcu.externaltools.gnu-tools-for-stm32.11.3.rel1.win32_1.1.1.202309131626/tools/bin/../lib/gcc/arm-none-eabi/11.3.1/../../../../arm-none-eabi/lib/thumb/v6-m/nofp\libc_nano.a(libc_a-writer.o)
                0x000000000800f018                _write_r
 .text.__errno  0x000000000800f040        0xc C:/ST/STM32CubeIDE_1.13.2/STM32CubeIDE/plugins/com.st.stm32cube.ide.mcu.externaltools.gnu-tools-for-stm32.11.3.rel1.win32_1.1.1.202309131626/tools/bin/../lib/gcc/arm-none-eabi/11.3.1/../../../../arm-none-eabi/lib/thumb/v6-m/nofp\libc_nano.a(libc_a-errno.o)
                0x000000000800f040                __errno
 .text.__libc_init_array
                0x000000000800f04c       0x48 C:/ST/STM32CubeIDE_1.13.2/STM32CubeIDE/plugins/com.st.stm32cube.ide.mcu.externaltools.gnu-tools-for-stm32.11.3.rel1.win32_1.1.1.202309131626/tools/bin/../lib/gcc/arm-none-eabi/11.3.1/../../../../arm-none-eabi/lib/thumb/v6-m/nofp\libc_nano.a(libc_a-init.o)
                0x000000000800f04c                __libc_init_array
 .text.__retarget_lock_init_recursive
                0x000000000800f094        0x2 C:/ST/STM32CubeIDE_1.13.2/STM32CubeIDE/plugins/com.st.stm32cube.ide.mcu.externaltools.gnu-tools-for-stm32.11.3.rel1.win32_1.1.1.202309131626/tools/bin/../lib/gcc/arm-none-eabi/11.3.1/../../../../arm-none-eabi/lib/thumb/v6-m/nofp\libc_nano.a(libc_a-lock.o)
                0x000000000800f094                __retarget_lock_init_recursive
 .text.__retarget_lock_acquire_recursive
                0x000000000800f096        0x2 C:/ST/STM32CubeIDE_1.13.2/STM32CubeIDE/plugins/com.st.stm32cube.ide.mcu.externaltools.gnu-tools-for-stm32.11.3.rel1.win32_1.1.1.202309131626/tools/bin/../lib/gcc/arm-none-eabi/11.3.1/../../../../arm-none-eabi/lib/thumb/v6-m/nofp\libc_nano.a(libc_a-lock.o)
                0x000000000800f096                __retarget_lock_acquire_recursive
 .text.__retarget_lock_release_recursive
                0x000000000800f098        0x2 C:/ST/STM32CubeIDE_1.13.2/STM32CubeIDE/plugins/com.st.stm32cube.ide.mcu.externaltools.gnu-tools-for-stm32.11.3.rel1.win32_1.1.1.202309131626/tools/bin/../lib/gcc/arm-none-eabi/11.3.1/../../../../arm-none-eabi/lib/thumb/v6-m/nofp\libc_nano.a(libc_a-lock.o)
                0x000000000800f098                __retarget_lock_release_recursive
 .text.memchr   0x000000000800f09a       0x16 C:/ST/STM32CubeIDE_1.13.2/STM32CubeIDE/plugins/com.st.stm32cube.ide.mcu.externaltools.gnu-tools-for-stm32.11.3.rel1.win32_1.1.1.202309131626/tools/bin/../lib/gcc/arm-none-eabi/11.3.1/../../../../arm-none-eabi/lib/thumb/v6-m/nofp\libc_nano.a(libc_a-memchr-stub.o)
                0x000000000800f09a                memchr
 .text.memcpy   0x000000000800f0b0       0x12 C:/ST/STM32CubeIDE_1.13.2/STM32CubeIDE/plugins/com.st.stm32cube.ide.mcu.externaltools.gnu-tools-for-stm32.11.3.rel1.win32_1.1.1.202309131626/tools/bin/../lib/gcc/arm-none-eabi/11.3.1/../../../../arm-none-eabi/lib/thumb/v6-m/nofp\libc_nano.a(libc_a-memcpy-stub.o)
                0x000000000800f0b0                memcpy
 *fill*         0x000000000800f0c2        0x2 
 .text.nanf     0x000000000800f0c4        0x8 C:/ST/STM32CubeIDE_1.13.2/STM32CubeIDE/plugins/com.st.stm32cube.ide.mcu.externaltools.gnu-tools-for-stm32.11.3.rel1.win32_1.1.1.202309131626/tools/bin/../lib/gcc/arm-none-eabi/11.3.1/../../../../arm-none-eabi/lib/thumb/v6-m/nofp\libc_nano.a(libm_a-sf_nan.o)
                0x000000000800f0c4                nanf
 .text.quorem   0x000000000800f0cc      0x11e C:/ST/STM32CubeIDE_1.13.2/STM32CubeIDE/plugins/com.st.stm32cube.ide.mcu.externaltools.gnu-tools-for-stm32.11.3.rel1.win32_1.1.1.202309131626/tools/bin/../lib/gcc/arm-none-eabi/11.3.1/../../../../arm-none-eabi/lib/thumb/v6-m/nofp\libc_nano.a(libc_a-dtoa.o)
 *fill*         0x000000000800f1ea        0x2 
 .text._dtoa_r  0x000000000800f1ec      0xc1c C:/ST/STM32CubeIDE_1.13.2/STM32CubeIDE/plugins/com.st.stm32cube.ide.mcu.externaltools.gnu-tools-for-stm32.11.3.rel1.win32_1.1.1.202309131626/tools/bin/../lib/gcc/arm-none-eabi/11.3.1/../../../../arm-none-eabi/lib/thumb/v6-m/nofp\libc_nano.a(libc_a-dtoa.o)
                0x000000000800f1ec                _dtoa_r
 .text._free_r  0x000000000800fe08       0x94 C:/ST/STM32CubeIDE_1.13.2/STM32CubeIDE/plugins/com.st.stm32cube.ide.mcu.externaltools.gnu-tools-for-stm32.11.3.rel1.win32_1.1.1.202309131626/tools/bin/../lib/gcc/arm-none-eabi/11.3.1/../../../../arm-none-eabi/lib/thumb/v6-m/nofp\libc_nano.a(libc_a-freer.o)
                0x000000000800fe08                _free_r
 .text.malloc   0x000000000800fe9c       0x14 C:/ST/STM32CubeIDE_1.13.2/STM32CubeIDE/plugins/com.st.stm32cube.ide.mcu.externaltools.gnu-tools-for-stm32.11.3.rel1.win32_1.1.1.202309131626/tools/bin/../lib/gcc/arm-none-eabi/11.3.1/../../../../arm-none-eabi/lib/thumb/v6-m/nofp\libc_nano.a(libc_a-malloc.o)
                0x000000000800fe9c                malloc
 .text.sbrk_aligned
                0x000000000800feb0       0x44 C:/ST/STM32CubeIDE_1.13.2/STM32CubeIDE/plugins/com.st.stm32cube.ide.mcu.externaltools.gnu-tools-for-stm32.11.3.rel1.win32_1.1.1.202309131626/tools/bin/../lib/gcc/arm-none-eabi/11.3.1/../../../../arm-none-eabi/lib/thumb/v6-m/nofp\libc_nano.a(libc_a-mallocr.o)
 .text._malloc_r
                0x000000000800fef4      0x104 C:/ST/STM32CubeIDE_1.13.2/STM32CubeIDE/plugins/com.st.stm32cube.ide.mcu.externaltools.gnu-tools-for-stm32.11.3.rel1.win32_1.1.1.202309131626/tools/bin/../lib/gcc/arm-none-eabi/11.3.1/../../../../arm-none-eabi/lib/thumb/v6-m/nofp\libc_nano.a(libc_a-mallocr.o)
                0x000000000800fef4                _malloc_r
 .text.__malloc_lock
                0x000000000800fff8       0x10 C:/ST/STM32CubeIDE_1.13.2/STM32CubeIDE/plugins/com.st.stm32cube.ide.mcu.externaltools.gnu-tools-for-stm32.11.3.rel1.win32_1.1.1.202309131626/tools/bin/../lib/gcc/arm-none-eabi/11.3.1/../../../../arm-none-eabi/lib/thumb/v6-m/nofp\libc_nano.a(libc_a-mlock.o)
                0x000000000800fff8                __malloc_lock
 .text.__malloc_unlock
                0x0000000008010008       0x10 C:/ST/STM32CubeIDE_1.13.2/STM32CubeIDE/plugins/com.st.stm32cube.ide.mcu.externaltools.gnu-tools-for-stm32.11.3.rel1.win32_1.1.1.202309131626/tools/bin/../lib/gcc/arm-none-eabi/11.3.1/../../../../arm-none-eabi/lib/thumb/v6-m/nofp\libc_nano.a(libc_a-mlock.o)
                0x0000000008010008                __malloc_unlock
 .text._Balloc  0x0000000008010018       0x88 C:/ST/STM32CubeIDE_1.13.2/STM32CubeIDE/plugins/com.st.stm32cube.ide.mcu.externaltools.gnu-tools-for-stm32.11.3.rel1.win32_1.1.1.202309131626/tools/bin/../lib/gcc/arm-none-eabi/11.3.1/../../../../arm-none-eabi/lib/thumb/v6-m/nofp\libc_nano.a(libc_a-mprec.o)
                0x0000000008010018                _Balloc
 .text._Bfree   0x00000000080100a0       0x48 C:/ST/STM32CubeIDE_1.13.2/STM32CubeIDE/plugins/com.st.stm32cube.ide.mcu.externaltools.gnu-tools-for-stm32.11.3.rel1.win32_1.1.1.202309131626/tools/bin/../lib/gcc/arm-none-eabi/11.3.1/../../../../arm-none-eabi/lib/thumb/v6-m/nofp\libc_nano.a(libc_a-mprec.o)
                0x00000000080100a0                _Bfree
 .text.__multadd
                0x00000000080100e8       0x88 C:/ST/STM32CubeIDE_1.13.2/STM32CubeIDE/plugins/com.st.stm32cube.ide.mcu.externaltools.gnu-tools-for-stm32.11.3.rel1.win32_1.1.1.202309131626/tools/bin/../lib/gcc/arm-none-eabi/11.3.1/../../../../arm-none-eabi/lib/thumb/v6-m/nofp\libc_nano.a(libc_a-mprec.o)
                0x00000000080100e8                __multadd
 .text.__s2b    0x0000000008010170       0x98 C:/ST/STM32CubeIDE_1.13.2/STM32CubeIDE/plugins/com.st.stm32cube.ide.mcu.externaltools.gnu-tools-for-stm32.11.3.rel1.win32_1.1.1.202309131626/tools/bin/../lib/gcc/arm-none-eabi/11.3.1/../../../../arm-none-eabi/lib/thumb/v6-m/nofp\libc_nano.a(libc_a-mprec.o)
                0x0000000008010170                __s2b
 .text.__hi0bits
                0x0000000008010208       0x34 C:/ST/STM32CubeIDE_1.13.2/STM32CubeIDE/plugins/com.st.stm32cube.ide.mcu.externaltools.gnu-tools-for-stm32.11.3.rel1.win32_1.1.1.202309131626/tools/bin/../lib/gcc/arm-none-eabi/11.3.1/../../../../arm-none-eabi/lib/thumb/v6-m/nofp\libc_nano.a(libc_a-mprec.o)
                0x0000000008010208                __hi0bits
 .text.__lo0bits
                0x000000000801023c       0x5c C:/ST/STM32CubeIDE_1.13.2/STM32CubeIDE/plugins/com.st.stm32cube.ide.mcu.externaltools.gnu-tools-for-stm32.11.3.rel1.win32_1.1.1.202309131626/tools/bin/../lib/gcc/arm-none-eabi/11.3.1/../../../../arm-none-eabi/lib/thumb/v6-m/nofp\libc_nano.a(libc_a-mprec.o)
                0x000000000801023c                __lo0bits
 .text.__i2b    0x0000000008010298       0x30 C:/ST/STM32CubeIDE_1.13.2/STM32CubeIDE/plugins/com.st.stm32cube.ide.mcu.externaltools.gnu-tools-for-stm32.11.3.rel1.win32_1.1.1.202309131626/tools/bin/../lib/gcc/arm-none-eabi/11.3.1/../../../../arm-none-eabi/lib/thumb/v6-m/nofp\libc_nano.a(libc_a-mprec.o)
                0x0000000008010298                __i2b
 .text.__multiply
                0x00000000080102c8      0x160 C:/ST/STM32CubeIDE_1.13.2/STM32CubeIDE/plugins/com.st.stm32cube.ide.mcu.externaltools.gnu-tools-for-stm32.11.3.rel1.win32_1.1.1.202309131626/tools/bin/../lib/gcc/arm-none-eabi/11.3.1/../../../../arm-none-eabi/lib/thumb/v6-m/nofp\libc_nano.a(libc_a-mprec.o)
                0x00000000080102c8                __multiply
 .text.__pow5mult
                0x0000000008010428       0xb8 C:/ST/STM32CubeIDE_1.13.2/STM32CubeIDE/plugins/com.st.stm32cube.ide.mcu.externaltools.gnu-tools-for-stm32.11.3.rel1.win32_1.1.1.202309131626/tools/bin/../lib/gcc/arm-none-eabi/11.3.1/../../../../arm-none-eabi/lib/thumb/v6-m/nofp\libc_nano.a(libc_a-mprec.o)
                0x0000000008010428                __pow5mult
 .text.__lshift
                0x00000000080104e0       0xdc C:/ST/STM32CubeIDE_1.13.2/STM32CubeIDE/plugins/com.st.stm32cube.ide.mcu.externaltools.gnu-tools-for-stm32.11.3.rel1.win32_1.1.1.202309131626/tools/bin/../lib/gcc/arm-none-eabi/11.3.1/../../../../arm-none-eabi/lib/thumb/v6-m/nofp\libc_nano.a(libc_a-mprec.o)
                0x00000000080104e0                __lshift
 .text.__mcmp   0x00000000080105bc       0x38 C:/ST/STM32CubeIDE_1.13.2/STM32CubeIDE/plugins/com.st.stm32cube.ide.mcu.externaltools.gnu-tools-for-stm32.11.3.rel1.win32_1.1.1.202309131626/tools/bin/../lib/gcc/arm-none-eabi/11.3.1/../../../../arm-none-eabi/lib/thumb/v6-m/nofp\libc_nano.a(libc_a-mprec.o)
                0x00000000080105bc                __mcmp
 .text.__mdiff  0x00000000080105f4      0x130 C:/ST/STM32CubeIDE_1.13.2/STM32CubeIDE/plugins/com.st.stm32cube.ide.mcu.externaltools.gnu-tools-for-stm32.11.3.rel1.win32_1.1.1.202309131626/tools/bin/../lib/gcc/arm-none-eabi/11.3.1/../../../../arm-none-eabi/lib/thumb/v6-m/nofp\libc_nano.a(libc_a-mprec.o)
                0x00000000080105f4                __mdiff
 .text.__ulp    0x0000000008010724       0x38 C:/ST/STM32CubeIDE_1.13.2/STM32CubeIDE/plugins/com.st.stm32cube.ide.mcu.externaltools.gnu-tools-for-stm32.11.3.rel1.win32_1.1.1.202309131626/tools/bin/../lib/gcc/arm-none-eabi/11.3.1/../../../../arm-none-eabi/lib/thumb/v6-m/nofp\libc_nano.a(libc_a-mprec.o)
                0x0000000008010724                __ulp
 .text.__b2d    0x000000000801075c       0x98 C:/ST/STM32CubeIDE_1.13.2/STM32CubeIDE/plugins/com.st.stm32cube.ide.mcu.externaltools.gnu-tools-for-stm32.11.3.rel1.win32_1.1.1.202309131626/tools/bin/../lib/gcc/arm-none-eabi/11.3.1/../../../../arm-none-eabi/lib/thumb/v6-m/nofp\libc_nano.a(libc_a-mprec.o)
                0x000000000801075c                __b2d
 .text.__d2b    0x00000000080107f4       0xc0 C:/ST/STM32CubeIDE_1.13.2/STM32CubeIDE/plugins/com.st.stm32cube.ide.mcu.externaltools.gnu-tools-for-stm32.11.3.rel1.win32_1.1.1.202309131626/tools/bin/../lib/gcc/arm-none-eabi/11.3.1/../../../../arm-none-eabi/lib/thumb/v6-m/nofp\libc_nano.a(libc_a-mprec.o)
                0x00000000080107f4                __d2b
 .text.__ratio  0x00000000080108b4       0x52 C:/ST/STM32CubeIDE_1.13.2/STM32CubeIDE/plugins/com.st.stm32cube.ide.mcu.externaltools.gnu-tools-for-stm32.11.3.rel1.win32_1.1.1.202309131626/tools/bin/../lib/gcc/arm-none-eabi/11.3.1/../../../../arm-none-eabi/lib/thumb/v6-m/nofp\libc_nano.a(libc_a-mprec.o)
                0x00000000080108b4                __ratio
 .text.__copybits
                0x0000000008010906       0x42 C:/ST/STM32CubeIDE_1.13.2/STM32CubeIDE/plugins/com.st.stm32cube.ide.mcu.externaltools.gnu-tools-for-stm32.11.3.rel1.win32_1.1.1.202309131626/tools/bin/../lib/gcc/arm-none-eabi/11.3.1/../../../../arm-none-eabi/lib/thumb/v6-m/nofp\libc_nano.a(libc_a-mprec.o)
                0x0000000008010906                __copybits
 .text.__any_on
                0x0000000008010948       0x46 C:/ST/STM32CubeIDE_1.13.2/STM32CubeIDE/plugins/com.st.stm32cube.ide.mcu.externaltools.gnu-tools-for-stm32.11.3.rel1.win32_1.1.1.202309131626/tools/bin/../lib/gcc/arm-none-eabi/11.3.1/../../../../arm-none-eabi/lib/thumb/v6-m/nofp\libc_nano.a(libc_a-mprec.o)
                0x0000000008010948                __any_on
 *fill*         0x000000000801098e        0x2 
 .text.sulp     0x0000000008010990       0x30 C:/ST/STM32CubeIDE_1.13.2/STM32CubeIDE/plugins/com.st.stm32cube.ide.mcu.externaltools.gnu-tools-for-stm32.11.3.rel1.win32_1.1.1.202309131626/tools/bin/../lib/gcc/arm-none-eabi/11.3.1/../../../../arm-none-eabi/lib/thumb/v6-m/nofp\libc_nano.a(libc_a-strtod.o)
 .text._strtod_l
                0x00000000080109c0      0xc14 C:/ST/STM32CubeIDE_1.13.2/STM32CubeIDE/plugins/com.st.stm32cube.ide.mcu.externaltools.gnu-tools-for-stm32.11.3.rel1.win32_1.1.1.202309131626/tools/bin/../lib/gcc/arm-none-eabi/11.3.1/../../../../arm-none-eabi/lib/thumb/v6-m/nofp\libc_nano.a(libc_a-strtod.o)
                0x00000000080109c0                _strtod_l
 .text._strtod_r
                0x00000000080115d4       0x10 C:/ST/STM32CubeIDE_1.13.2/STM32CubeIDE/plugins/com.st.stm32cube.ide.mcu.externaltools.gnu-tools-for-stm32.11.3.rel1.win32_1.1.1.202309131626/tools/bin/../lib/gcc/arm-none-eabi/11.3.1/../../../../arm-none-eabi/lib/thumb/v6-m/nofp\libc_nano.a(libc_a-strtod.o)
                0x00000000080115d4                _strtod_r
 .text._strtol_l.constprop.0
                0x00000000080115e4      0x10c C:/ST/STM32CubeIDE_1.13.2/STM32CubeIDE/plugins/com.st.stm32cube.ide.mcu.externaltools.gnu-tools-for-stm32.11.3.rel1.win32_1.1.1.202309131626/tools/bin/../lib/gcc/arm-none-eabi/11.3.1/../../../../arm-none-eabi/lib/thumb/v6-m/nofp\libc_nano.a(libc_a-strtol.o)
 .text._strtol_r
                0x00000000080116f0        0x8 C:/ST/STM32CubeIDE_1.13.2/STM32CubeIDE/plugins/com.st.stm32cube.ide.mcu.externaltools.gnu-tools-for-stm32.11.3.rel1.win32_1.1.1.202309131626/tools/bin/../lib/gcc/arm-none-eabi/11.3.1/../../../../arm-none-eabi/lib/thumb/v6-m/nofp\libc_nano.a(libc_a-strtol.o)
                0x00000000080116f0                _strtol_r
 .text.__ssputs_r
                0x00000000080116f8       0xc4 C:/ST/STM32CubeIDE_1.13.2/STM32CubeIDE/plugins/com.st.stm32cube.ide.mcu.externaltools.gnu-tools-for-stm32.11.3.rel1.win32_1.1.1.202309131626/tools/bin/../lib/gcc/arm-none-eabi/11.3.1/../../../../arm-none-eabi/lib/thumb/v6-m/nofp\libc_nano.a(libc_a-nano-svfprintf.o)
                0x00000000080116f8                __ssputs_r
 .text._svfprintf_r
                0x00000000080117bc      0x200 C:/ST/STM32CubeIDE_1.13.2/STM32CubeIDE/plugins/com.st.stm32cube.ide.mcu.externaltools.gnu-tools-for-stm32.11.3.rel1.win32_1.1.1.202309131626/tools/bin/../lib/gcc/arm-none-eabi/11.3.1/../../../../arm-none-eabi/lib/thumb/v6-m/nofp\libc_nano.a(libc_a-nano-svfprintf.o)
                0x00000000080117bc                _svfiprintf_r
                0x00000000080117bc                _svfprintf_r
 .text.__sflush_r
                0x00000000080119bc      0x114 C:/ST/STM32CubeIDE_1.13.2/STM32CubeIDE/plugins/com.st.stm32cube.ide.mcu.externaltools.gnu-tools-for-stm32.11.3.rel1.win32_1.1.1.202309131626/tools/bin/../lib/gcc/arm-none-eabi/11.3.1/../../../../arm-none-eabi/lib/thumb/v6-m/nofp\libc_nano.a(libc_a-fflush.o)
                0x00000000080119bc                __sflush_r
 .text._fflush_r
                0x0000000008011ad0       0x56 C:/ST/STM32CubeIDE_1.13.2/STM32CubeIDE/plugins/com.st.stm32cube.ide.mcu.externaltools.gnu-tools-for-stm32.11.3.rel1.win32_1.1.1.202309131626/tools/bin/../lib/gcc/arm-none-eabi/11.3.1/../../../../arm-none-eabi/lib/thumb/v6-m/nofp\libc_nano.a(libc_a-fflush.o)
                0x0000000008011ad0                _fflush_r
 .text.memmove  0x0000000008011b26       0x26 C:/ST/STM32CubeIDE_1.13.2/STM32CubeIDE/plugins/com.st.stm32cube.ide.mcu.externaltools.gnu-tools-for-stm32.11.3.rel1.win32_1.1.1.202309131626/tools/bin/../lib/gcc/arm-none-eabi/11.3.1/../../../../arm-none-eabi/lib/thumb/v6-m/nofp\libc_nano.a(libc_a-memmove.o)
                0x0000000008011b26                memmove
 .text.strncmp  0x0000000008011b4c       0x22 C:/ST/STM32CubeIDE_1.13.2/STM32CubeIDE/plugins/com.st.stm32cube.ide.mcu.externaltools.gnu-tools-for-stm32.11.3.rel1.win32_1.1.1.202309131626/tools/bin/../lib/gcc/arm-none-eabi/11.3.1/../../../../arm-none-eabi/lib/thumb/v6-m/nofp\libc_nano.a(libc_a-strncmp.o)
                0x0000000008011b4c                strncmp
 *fill*         0x0000000008011b6e        0x2 
 .text._sbrk_r  0x0000000008011b70       0x24 C:/ST/STM32CubeIDE_1.13.2/STM32CubeIDE/plugins/com.st.stm32cube.ide.mcu.externaltools.gnu-tools-for-stm32.11.3.rel1.win32_1.1.1.202309131626/tools/bin/../lib/gcc/arm-none-eabi/11.3.1/../../../../arm-none-eabi/lib/thumb/v6-m/nofp\libc_nano.a(libc_a-sbrkr.o)
                0x0000000008011b70                _sbrk_r
 .text.nan      0x0000000008011b94        0xc C:/ST/STM32CubeIDE_1.13.2/STM32CubeIDE/plugins/com.st.stm32cube.ide.mcu.externaltools.gnu-tools-for-stm32.11.3.rel1.win32_1.1.1.202309131626/tools/bin/../lib/gcc/arm-none-eabi/11.3.1/../../../../arm-none-eabi/lib/thumb/v6-m/nofp\libc_nano.a(libm_a-s_nan.o)
                0x0000000008011b94                nan
 .text.__assert_func
                0x0000000008011ba0       0x3c C:/ST/STM32CubeIDE_1.13.2/STM32CubeIDE/plugins/com.st.stm32cube.ide.mcu.externaltools.gnu-tools-for-stm32.11.3.rel1.win32_1.1.1.202309131626/tools/bin/../lib/gcc/arm-none-eabi/11.3.1/../../../../arm-none-eabi/lib/thumb/v6-m/nofp\libc_nano.a(libc_a-assert.o)
                0x0000000008011ba0                __assert_func
 .text._calloc_r
                0x0000000008011bdc       0x5a C:/ST/STM32CubeIDE_1.13.2/STM32CubeIDE/plugins/com.st.stm32cube.ide.mcu.externaltools.gnu-tools-for-stm32.11.3.rel1.win32_1.1.1.202309131626/tools/bin/../lib/gcc/arm-none-eabi/11.3.1/../../../../arm-none-eabi/lib/thumb/v6-m/nofp\libc_nano.a(libc_a-callocr.o)
                0x0000000008011bdc                _calloc_r
 .text.rshift   0x0000000008011c36       0xaa C:/ST/STM32CubeIDE_1.13.2/STM32CubeIDE/plugins/com.st.stm32cube.ide.mcu.externaltools.gnu-tools-for-stm32.11.3.rel1.win32_1.1.1.202309131626/tools/bin/../lib/gcc/arm-none-eabi/11.3.1/../../../../arm-none-eabi/lib/thumb/v6-m/nofp\libc_nano.a(libc_a-gdtoa-gethex.o)
 .text.__hexdig_fun
                0x0000000008011ce0       0x2a C:/ST/STM32CubeIDE_1.13.2/STM32CubeIDE/plugins/com.st.stm32cube.ide.mcu.externaltools.gnu-tools-for-stm32.11.3.rel1.win32_1.1.1.202309131626/tools/bin/../lib/gcc/arm-none-eabi/11.3.1/../../../../arm-none-eabi/lib/thumb/v6-m/nofp\libc_nano.a(libc_a-gdtoa-gethex.o)
                0x0000000008011ce0                __hexdig_fun
 *fill*         0x0000000008011d0a        0x2 
 .text.__gethex
                0x0000000008011d0c      0x448 C:/ST/STM32CubeIDE_1.13.2/STM32CubeIDE/plugins/com.st.stm32cube.ide.mcu.externaltools.gnu-tools-for-stm32.11.3.rel1.win32_1.1.1.202309131626/tools/bin/../lib/gcc/arm-none-eabi/11.3.1/../../../../arm-none-eabi/lib/thumb/v6-m/nofp\libc_nano.a(libc_a-gdtoa-gethex.o)
                0x0000000008011d0c                __gethex
 .text.L_shift  0x0000000008012154       0x24 C:/ST/STM32CubeIDE_1.13.2/STM32CubeIDE/plugins/com.st.stm32cube.ide.mcu.externaltools.gnu-tools-for-stm32.11.3.rel1.win32_1.1.1.202309131626/tools/bin/../lib/gcc/arm-none-eabi/11.3.1/../../../../arm-none-eabi/lib/thumb/v6-m/nofp\libc_nano.a(libc_a-gdtoa-hexnan.o)
 .text.__match  0x0000000008012178       0x28 C:/ST/STM32CubeIDE_1.13.2/STM32CubeIDE/plugins/com.st.stm32cube.ide.mcu.externaltools.gnu-tools-for-stm32.11.3.rel1.win32_1.1.1.202309131626/tools/bin/../lib/gcc/arm-none-eabi/11.3.1/../../../../arm-none-eabi/lib/thumb/v6-m/nofp\libc_nano.a(libc_a-gdtoa-hexnan.o)
                0x0000000008012178                __match
 .text.__hexnan
                0x00000000080121a0      0x150 C:/ST/STM32CubeIDE_1.13.2/STM32CubeIDE/plugins/com.st.stm32cube.ide.mcu.externaltools.gnu-tools-for-stm32.11.3.rel1.win32_1.1.1.202309131626/tools/bin/../lib/gcc/arm-none-eabi/11.3.1/../../../../arm-none-eabi/lib/thumb/v6-m/nofp\libc_nano.a(libc_a-gdtoa-hexnan.o)
                0x00000000080121a0                __hexnan
 .text.__ascii_mbtowc
                0x00000000080122f0       0x24 C:/ST/STM32CubeIDE_1.13.2/STM32CubeIDE/plugins/com.st.stm32cube.ide.mcu.externaltools.gnu-tools-for-stm32.11.3.rel1.win32_1.1.1.202309131626/tools/bin/../lib/gcc/arm-none-eabi/11.3.1/../../../../arm-none-eabi/lib/thumb/v6-m/nofp\libc_nano.a(libc_a-mbtowc_r.o)
                0x00000000080122f0                __ascii_mbtowc
 .text._realloc_r
                0x0000000008012314       0x5e C:/ST/STM32CubeIDE_1.13.2/STM32CubeIDE/plugins/com.st.stm32cube.ide.mcu.externaltools.gnu-tools-for-stm32.11.3.rel1.win32_1.1.1.202309131626/tools/bin/../lib/gcc/arm-none-eabi/11.3.1/../../../../arm-none-eabi/lib/thumb/v6-m/nofp\libc_nano.a(libc_a-reallocr.o)
                0x0000000008012314                _realloc_r
 .text.__ascii_wctomb
                0x0000000008012372       0x1a C:/ST/STM32CubeIDE_1.13.2/STM32CubeIDE/plugins/com.st.stm32cube.ide.mcu.externaltools.gnu-tools-for-stm32.11.3.rel1.win32_1.1.1.202309131626/tools/bin/../lib/gcc/arm-none-eabi/11.3.1/../../../../arm-none-eabi/lib/thumb/v6-m/nofp\libc_nano.a(libc_a-wctomb_r.o)
                0x0000000008012372                __ascii_wctomb
 .text.fprintf  0x000000000801238c       0x20 C:/ST/STM32CubeIDE_1.13.2/STM32CubeIDE/plugins/com.st.stm32cube.ide.mcu.externaltools.gnu-tools-for-stm32.11.3.rel1.win32_1.1.1.202309131626/tools/bin/../lib/gcc/arm-none-eabi/11.3.1/../../../../arm-none-eabi/lib/thumb/v6-m/nofp\libc_nano.a(libc_a-fprintf.o)
                0x000000000801238c                fiprintf
                0x000000000801238c                fprintf
 .text.abort    0x00000000080123ac        0xe C:/ST/STM32CubeIDE_1.13.2/STM32CubeIDE/plugins/com.st.stm32cube.ide.mcu.externaltools.gnu-tools-for-stm32.11.3.rel1.win32_1.1.1.202309131626/tools/bin/../lib/gcc/arm-none-eabi/11.3.1/../../../../arm-none-eabi/lib/thumb/v6-m/nofp\libc_nano.a(libc_a-abort.o)
                0x00000000080123ac                abort
 .text._malloc_usable_size_r
                0x00000000080123ba       0x10 C:/ST/STM32CubeIDE_1.13.2/STM32CubeIDE/plugins/com.st.stm32cube.ide.mcu.externaltools.gnu-tools-for-stm32.11.3.rel1.win32_1.1.1.202309131626/tools/bin/../lib/gcc/arm-none-eabi/11.3.1/../../../../arm-none-eabi/lib/thumb/v6-m/nofp\libc_nano.a(libc_a-msizer.o)
                0x00000000080123ba                _malloc_usable_size_r
 .text.__sfputc_r
                0x00000000080123ca       0x2a C:/ST/STM32CubeIDE_1.13.2/STM32CubeIDE/plugins/com.st.stm32cube.ide.mcu.externaltools.gnu-tools-for-stm32.11.3.rel1.win32_1.1.1.202309131626/tools/bin/../lib/gcc/arm-none-eabi/11.3.1/../../../../arm-none-eabi/lib/thumb/v6-m/nofp\libc_nano.a(libc_a-nano-vfprintf.o)
 .text.__sfputs_r
                0x00000000080123f4       0x24 C:/ST/STM32CubeIDE_1.13.2/STM32CubeIDE/plugins/com.st.stm32cube.ide.mcu.externaltools.gnu-tools-for-stm32.11.3.rel1.win32_1.1.1.202309131626/tools/bin/../lib/gcc/arm-none-eabi/11.3.1/../../../../arm-none-eabi/lib/thumb/v6-m/nofp\libc_nano.a(libc_a-nano-vfprintf.o)
                0x00000000080123f4                __sfputs_r
 .text._vfprintf_r
                0x0000000008012418      0x238 C:/ST/STM32CubeIDE_1.13.2/STM32CubeIDE/plugins/com.st.stm32cube.ide.mcu.externaltools.gnu-tools-for-stm32.11.3.rel1.win32_1.1.1.202309131626/tools/bin/../lib/gcc/arm-none-eabi/11.3.1/../../../../arm-none-eabi/lib/thumb/v6-m/nofp\libc_nano.a(libc_a-nano-vfprintf.o)
                0x0000000008012418                _vfprintf_r
                0x0000000008012418                _vfiprintf_r
 .text.__swbuf_r
                0x0000000008012650       0x84 C:/ST/STM32CubeIDE_1.13.2/STM32CubeIDE/plugins/com.st.stm32cube.ide.mcu.externaltools.gnu-tools-for-stm32.11.3.rel1.win32_1.1.1.202309131626/tools/bin/../lib/gcc/arm-none-eabi/11.3.1/../../../../arm-none-eabi/lib/thumb/v6-m/nofp\libc_nano.a(libc_a-wbuf.o)
                0x0000000008012650                __swbuf_r
 .text.__swsetup_r
                0x00000000080126d4       0xc8 C:/ST/STM32CubeIDE_1.13.2/STM32CubeIDE/plugins/com.st.stm32cube.ide.mcu.externaltools.gnu-tools-for-stm32.11.3.rel1.win32_1.1.1.202309131626/tools/bin/../lib/gcc/arm-none-eabi/11.3.1/../../../../arm-none-eabi/lib/thumb/v6-m/nofp\libc_nano.a(libc_a-wsetup.o)
                0x00000000080126d4                __swsetup_r
 .text._raise_r
                0x000000000801279c       0x54 C:/ST/STM32CubeIDE_1.13.2/STM32CubeIDE/plugins/com.st.stm32cube.ide.mcu.externaltools.gnu-tools-for-stm32.11.3.rel1.win32_1.1.1.202309131626/tools/bin/../lib/gcc/arm-none-eabi/11.3.1/../../../../arm-none-eabi/lib/thumb/v6-m/nofp\libc_nano.a(libc_a-signal.o)
                0x000000000801279c                _raise_r
 .text.raise    0x00000000080127f0       0x14 C:/ST/STM32CubeIDE_1.13.2/STM32CubeIDE/plugins/com.st.stm32cube.ide.mcu.externaltools.gnu-tools-for-stm32.11.3.rel1.win32_1.1.1.202309131626/tools/bin/../lib/gcc/arm-none-eabi/11.3.1/../../../../arm-none-eabi/lib/thumb/v6-m/nofp\libc_nano.a(libc_a-signal.o)
                0x00000000080127f0                raise
 .text._kill_r  0x0000000008012804       0x24 C:/ST/STM32CubeIDE_1.13.2/STM32CubeIDE/plugins/com.st.stm32cube.ide.mcu.externaltools.gnu-tools-for-stm32.11.3.rel1.win32_1.1.1.202309131626/tools/bin/../lib/gcc/arm-none-eabi/11.3.1/../../../../arm-none-eabi/lib/thumb/v6-m/nofp\libc_nano.a(libc_a-signalr.o)
                0x0000000008012804                _kill_r
 .text._getpid_r
                0x0000000008012828        0x8 C:/ST/STM32CubeIDE_1.13.2/STM32CubeIDE/plugins/com.st.stm32cube.ide.mcu.externaltools.gnu-tools-for-stm32.11.3.rel1.win32_1.1.1.202309131626/tools/bin/../lib/gcc/arm-none-eabi/11.3.1/../../../../arm-none-eabi/lib/thumb/v6-m/nofp\libc_nano.a(libc_a-signalr.o)
                0x0000000008012828                _getpid_r
 .text.__swhatbuf_r
                0x0000000008012830       0x50 C:/ST/STM32CubeIDE_1.13.2/STM32CubeIDE/plugins/com.st.stm32cube.ide.mcu.externaltools.gnu-tools-for-stm32.11.3.rel1.win32_1.1.1.202309131626/tools/bin/../lib/gcc/arm-none-eabi/11.3.1/../../../../arm-none-eabi/lib/thumb/v6-m/nofp\libc_nano.a(libc_a-makebuf.o)
                0x0000000008012830                __swhatbuf_r
 .text.__smakebuf_r
                0x0000000008012880       0x7c C:/ST/STM32CubeIDE_1.13.2/STM32CubeIDE/plugins/com.st.stm32cube.ide.mcu.externaltools.gnu-tools-for-stm32.11.3.rel1.win32_1.1.1.202309131626/tools/bin/../lib/gcc/arm-none-eabi/11.3.1/../../../../arm-none-eabi/lib/thumb/v6-m/nofp\libc_nano.a(libc_a-makebuf.o)
                0x0000000008012880                __smakebuf_r
 .text._fstat_r
                0x00000000080128fc       0x24 C:/ST/STM32CubeIDE_1.13.2/STM32CubeIDE/plugins/com.st.stm32cube.ide.mcu.externaltools.gnu-tools-for-stm32.11.3.rel1.win32_1.1.1.202309131626/tools/bin/../lib/gcc/arm-none-eabi/11.3.1/../../../../arm-none-eabi/lib/thumb/v6-m/nofp\libc_nano.a(libc_a-fstatr.o)
                0x00000000080128fc                _fstat_r
 .text._isatty_r
                0x0000000008012920       0x24 C:/ST/STM32CubeIDE_1.13.2/STM32CubeIDE/plugins/com.st.stm32cube.ide.mcu.externaltools.gnu-tools-for-stm32.11.3.rel1.win32_1.1.1.202309131626/tools/bin/../lib/gcc/arm-none-eabi/11.3.1/../../../../arm-none-eabi/lib/thumb/v6-m/nofp\libc_nano.a(libc_a-isattyr.o)
                0x0000000008012920                _isatty_r
 *(.glue_7)
 .glue_7        0x0000000008012944        0x0 linker stubs
 *(.glue_7t)
 .glue_7t       0x0000000008012944        0x0 linker stubs
 *(.eh_frame)
 .eh_frame      0x0000000008012944        0x0 C:/ST/STM32CubeIDE_1.13.2/STM32CubeIDE/plugins/com.st.stm32cube.ide.mcu.externaltools.gnu-tools-for-stm32.11.3.rel1.win32_1.1.1.202309131626/tools/bin/../lib/gcc/arm-none-eabi/11.3.1/thumb/v6-m/nofp/crtbegin.o
 *(.init)
 .init          0x0000000008012944        0x4 C:/ST/STM32CubeIDE_1.13.2/STM32CubeIDE/plugins/com.st.stm32cube.ide.mcu.externaltools.gnu-tools-for-stm32.11.3.rel1.win32_1.1.1.202309131626/tools/bin/../lib/gcc/arm-none-eabi/11.3.1/thumb/v6-m/nofp/crti.o
                0x0000000008012944                _init
 .init          0x0000000008012948        0x8 C:/ST/STM32CubeIDE_1.13.2/STM32CubeIDE/plugins/com.st.stm32cube.ide.mcu.externaltools.gnu-tools-for-stm32.11.3.rel1.win32_1.1.1.202309131626/tools/bin/../lib/gcc/arm-none-eabi/11.3.1/thumb/v6-m/nofp/crtn.o
 *(.fini)